Copyright 1986-2020 Xilinx, Inc. All Rights Reserved.
------------------------------------------------------------------------------------
| Tool Version : Vivado v.2020.1 (lin64) Build 2902540 Wed May 27 19:54:35 MDT 2020
| Date         : Wed May  6 15:58:06 2026
| Host         : LoloVictus running 64-bit Ubuntu 20.04.3 LTS
| Command      : report_clock_utilization -file out/clock_util.rpt
| Design       : red_pitaya_top_Z20
| Device       : 7z020-clg400
| Speed File   : -1  PRODUCTION 1.12 2019-11-22
| Design State : Routed
------------------------------------------------------------------------------------

Clock Utilization Report

Table of Contents
-----------------
1. Clock Primitive Utilization
2. Global Clock Resources
3. Global Clock Source Details
4. Local Clock Details
5. Clock Regions: Key Resource Utilization
6. Clock Regions : Global Clock Summary
7. Device Cell Placement Summary for Global Clock g0
8. Device Cell Placement Summary for Global Clock g1
9. Device Cell Placement Summary for Global Clock g2
10. Device Cell Placement Summary for Global Clock g3
11. Device Cell Placement Summary for Global Clock g4
12. Device Cell Placement Summary for Global Clock g5
13. Device Cell Placement Summary for Global Clock g6
14. Device Cell Placement Summary for Global Clock g7
15. Device Cell Placement Summary for Global Clock g8
16. Device Cell Placement Summary for Global Clock g9
17. Clock Region Cell Placement per Global Clock: Region X0Y0
18. Clock Region Cell Placement per Global Clock: Region X1Y0
19. Clock Region Cell Placement per Global Clock: Region X0Y1
20. Clock Region Cell Placement per Global Clock: Region X1Y1
21. Clock Region Cell Placement per Global Clock: Region X0Y2
22. Clock Region Cell Placement per Global Clock: Region X1Y2

1. Clock Primitive Utilization
------------------------------

+----------+------+-----------+-----+--------------+--------+
| Type     | Used | Available | LOC | Clock Region | Pblock |
+----------+------+-----------+-----+--------------+--------+
| BUFGCTRL |    9 |        32 |   0 |            0 |      0 |
| BUFH     |    0 |        72 |   0 |            0 |      0 |
| BUFIO    |    1 |        16 |   1 |            0 |      0 |
| BUFMR    |    0 |         8 |   0 |            0 |      0 |
| BUFR     |    1 |        16 |   0 |            0 |      0 |
| MMCM     |    0 |         4 |   0 |            0 |      0 |
| PLL      |    1 |         4 |   0 |            0 |      0 |
+----------+------+-----------+-----+--------------+--------+


2. Global Clock Resources
-------------------------

+-----------+-----------+-----------------+------------+----------------+--------------+-------------------+-------------+-----------------+--------------+----------------+-------------------------------------------------------------------------+-----------------------------------------------+
| Global Id | Source Id | Driver Type/Pin | Constraint | Site           | Clock Region | Load Clock Region | Clock Loads | Non-Clock Loads | Clock Period | Clock          | Driver Pin                                                              | Net                                           |
+-----------+-----------+-----------------+------------+----------------+--------------+-------------------+-------------+-----------------+--------------+----------------+-------------------------------------------------------------------------+-----------------------------------------------+
| g0        | src0      | BUFG/O          | None       | BUFGCTRL_X0Y16 | n/a          |                 6 |        9930 |               0 |        8.000 | pll_adc_clk    | bufg_adc_clk/O                                                          | adc_clk                                       |
| g1        | src1      | BUFG/O          | None       | BUFGCTRL_X0Y18 | n/a          |                 2 |         987 |               0 |        5.000 | clk_fpga_3     | ps/system_i/processing_system7/inst/buffer_fclk_clk_3.FCLK_CLK_3_BUFG/O | ps/system_i/processing_system7/inst/FCLK_CLK3 |
| g2        | src0      | BUFG/O          | None       | BUFGCTRL_X0Y17 | n/a          |                 3 |         925 |               0 |        4.000 | pll_dac_clk_2x | bufg_dac_axi_clk/O                                                      | dac_axi_clk                                   |
| g3        | src0      | BUFG/O          | None       | BUFGCTRL_X0Y24 | n/a          |                 1 |           1 |               0 |        4.000 | pll_dac_clk_2x | bufg_dac_clk_2x/O                                                       | dac_clk_2x                                    |
| g4        | src1      | BUFG/O          | None       | BUFGCTRL_X0Y19 | n/a          |                 4 |         236 |               0 |        8.000 | clk_fpga_0     | ps/fclk_buf[0]/O                                                        | ps/fclk_clk_o[0]                              |
| g5        | src2      | BUFG/O          | None       | BUFGCTRL_X0Y20 | n/a          |                 2 |         233 |               0 |        8.000 | par_clk        | i_daisy/i_rx/i_parclk_buf/O                                             | i_daisy/i_rx/par_clk_o                        |
| g6        | src3      | BUFR/O          | None       | BUFR_X1Y5      | X1Y1         |                 2 |          50 |               1 |        8.000 | par_clk        | i_daisy/i_rx/i_BUFR_clk/O                                               | i_daisy/i_rx/par_clk                          |
| g7        | src0      | BUFG/O          | None       | BUFGCTRL_X0Y21 | n/a          |                 2 |          45 |               0 |        8.000 | pll_dac_clk_1x | bufg_dac_clk_1x/O                                                       | dac_clk_1x                                    |
| g8        | src0      | BUFG/O          | None       | BUFGCTRL_X0Y22 | n/a          |                 1 |           2 |               0 |        4.000 | pll_ser_clk    | bufg_ser_clk/O                                                          | ser_clk                                       |
| g9        | src0      | BUFG/O          | None       | BUFGCTRL_X0Y23 | n/a          |                 1 |           1 |               0 |        4.000 | pll_dac_clk_2p | bufg_dac_clk_2p/O                                                       | dac_clk_2p                                    |
+-----------+-----------+-----------------+------------+----------------+--------------+-------------------+-------------+-----------------+--------------+----------------+-------------------------------------------------------------------------+-----------------------------------------------+
* Clock Loads column represents the clock pin loads (pin count)
** Non-Clock Loads column represents the non-clock pin loads (pin count)


3. Global Clock Source Details
------------------------------

+-----------+-----------+-------------------+------------+----------------+--------------+-------------+-----------------+---------------------+----------------+------------------------------------------------------+------------------------------------------------------------+
| Source Id | Global Id | Driver Type/Pin   | Constraint | Site           | Clock Region | Clock Loads | Non-Clock Loads | Source Clock Period | Source Clock   | Driver Pin                                           | Net                                                        |
+-----------+-----------+-------------------+------------+----------------+--------------+-------------+-----------------+---------------------+----------------+------------------------------------------------------+------------------------------------------------------------+
| src0      | g0        | PLLE2_ADV/CLKOUT0 | None       | PLLE2_ADV_X1Y1 | X1Y1         |           1 |               0 |               8.000 | pll_adc_clk    | pll/pll/CLKOUT0                                      | pll/clk_adc                                                |
| src0      | g7        | PLLE2_ADV/CLKOUT1 | None       | PLLE2_ADV_X1Y1 | X1Y1         |           1 |               0 |               8.000 | pll_dac_clk_1x | pll/pll/CLKOUT1                                      | pll/clk_dac_1x                                             |
| src0      | g9        | PLLE2_ADV/CLKOUT3 | None       | PLLE2_ADV_X1Y1 | X1Y1         |           1 |               0 |               4.000 | pll_dac_clk_2p | pll/pll/CLKOUT3                                      | pll/clk_dac_2p                                             |
| src0      | g2, g3    | PLLE2_ADV/CLKOUT2 | None       | PLLE2_ADV_X1Y1 | X1Y1         |           2 |               0 |               4.000 | pll_dac_clk_2x | pll/pll/CLKOUT2                                      | pll/clk_dac_2x                                             |
| src0      | g8        | PLLE2_ADV/CLKOUT4 | None       | PLLE2_ADV_X1Y1 | X1Y1         |           1 |               0 |               4.000 | pll_ser_clk    | pll/pll/CLKOUT4                                      | pll/clk_ser                                                |
| src1      | g4        | PS7/FCLKCLK[0]    | PS7_X0Y0   | PS7_X0Y0       | X0Y2         |           1 |               0 |               8.000 | clk_fpga_0     | ps/system_i/processing_system7/inst/PS7_i/FCLKCLK[0] | ps/system_i/processing_system7/inst/FCLK_CLK_unbuffered[0] |
| src1      | g1        | PS7/FCLKCLK[3]    | PS7_X0Y0   | PS7_X0Y0       | X0Y2         |           1 |               0 |               5.000 | clk_fpga_3     | ps/system_i/processing_system7/inst/PS7_i/FCLKCLK[3] | ps/system_i/processing_system7/inst/FCLK_CLK_unbuffered[3] |
| src2      | g5        | BUFR/O            | None       | BUFR_X1Y5      | X1Y1         |          51 |               0 |               8.000 | par_clk        | i_daisy/i_rx/i_BUFR_clk/O                            | i_daisy/i_rx/par_clk                                       |
| src3      | g6,       | IBUFDS/O          | IOB_X1Y74  | IOB_X1Y74      | X1Y1         |           2 |               0 |               4.000 | rx_clk         | i_daisy/i_IBUFGDS_clk/O                              | i_daisy/rxs_clk                                            |
+-----------+-----------+-------------------+------------+----------------+--------------+-------------+-----------------+---------------------+----------------+------------------------------------------------------+------------------------------------------------------------+
* Clock Loads column represents the clock pin loads (pin count)
** Non-Clock Loads column represents the non-clock pin loads (pin count)


4. Local Clock Details
----------------------

+----------+-----------------+------------+-------------------+--------------+-------------+-----------------+--------------+-------+--------------------+--------------+
| Local Id | Driver Type/Pin | Constraint | Site/BEL          | Clock Region | Clock Loads | Non-Clock Loads | Clock Period | Clock | Driver Pin         | Net          |
+----------+-----------------+------------+-------------------+--------------+-------------+-----------------+--------------+-------+--------------------+--------------||
| 0        | FDRE/Q          | None       | SLICE_X67Y105/AFF | X1Y2         |           1 |               0 |              |       | i_hk/dna_clk_reg/Q | i_hk/dna_clk - Static -
+----------+-----------------+------------+-------------------+--------------+-------------+-----------------+--------------+-------+--------------------+--------------||
* Local Clocks in this context represents only clocks driven by non-global buffers
** Clock Loads column represents the clock pin loads (pin count)
*** Non-Clock Loads column represents the non-clock pin loads (pin count)


5. Clock Regions: Key Resource Utilization
------------------------------------------

+-------------------+--------------+--------------+--------------+--------------+--------------+--------------+--------------+--------------+--------------+--------------+--------------+--------------+--------------+--------------+--------------+
|                   | Global Clock |     BUFRs    |    BUFMRs    |    BUFIOs    |     MMCM     |      PLL     |      GT      |      PCI     |    ILOGIC    |    OLOGIC    |      FF      |     LUTM     |    RAMB18    |    RAMB36    |    DSP48E2   |
+-------------------+------+-------+------+-------+------+-------+------+-------+------+-------+------+-------+------+-------+------+-------+------+-------+------+-------+------+-------+------+-------+------+-------+------+-------+------+-------+
| Clock Region Name | Used | Avail | Used | Avail | Used | Avail | Used | Avail | Used | Avail | Used | Avail | Used | Avail | Used | Avail | Used | Avail | Used | Avail | Used | Avail | Used | Avail | Used | Avail | Used | Avail | Used | Avail |
+-------------------+------+-------+------+-------+------+-------+------+-------+------+-------+------+-------+------+-------+------+-------+------+-------+------+-------+------+-------+------+-------+------+-------+------+-------+------+-------+
| X0Y0              |    1 |    12 |    0 |     4 |    0 |     2 |    0 |     4 |    0 |     1 |    0 |     1 |    0 |     0 |    0 |     0 |    0 |    50 |    0 |    50 | 1434 |  2500 |  794 |  1000 |    0 |    60 |   12 |    30 |    8 |    60 |
| X1Y0              |    1 |    12 |    0 |     4 |    0 |     2 |    0 |     4 |    0 |     1 |    0 |     1 |    0 |     0 |    0 |     0 |    0 |    50 |    0 |    50 | 1041 |  3200 |  338 |   850 |    0 |    60 |    5 |    30 |    4 |    40 |
| X0Y1              |    3 |    12 |    0 |     0 |    0 |     0 |    0 |     0 |    0 |     0 |    0 |     0 |    0 |     0 |    0 |     0 |    0 |     0 |    0 |     0 | 3405 |  1200 | 1431 |   400 |    0 |    20 |    6 |    10 |    1 |    20 |
| X1Y1              |    8 |    12 |    1 |     4 |    0 |     2 |    1 |     4 |    0 |     1 |    0 |     1 |    0 |     0 |    0 |     0 |    5 |    50 |    8 |    50 | 4163 |  2600 | 1367 |   850 |    0 |    60 |   13 |    30 |    5 |    40 |
| X0Y2              |    4 |    12 |    0 |     0 |    0 |     0 |    0 |     0 |    0 |     0 |    0 |     0 |    0 |     0 |    0 |     0 |    0 |     0 |    0 |     0 |  880 |  1200 |  327 |   400 |    0 |    20 |    0 |    10 |    0 |    20 |
| X1Y2              |    7 |    12 |    0 |     4 |    0 |     2 |    0 |     4 |    0 |     1 |    0 |     1 |    0 |     0 |    0 |     0 |    0 |    50 |   18 |    50 |  962 |  2600 |  402 |   850 |    0 |    60 |    0 |    30 |    8 |    40 |
+-------------------+------+-------+------+-------+------+-------+------+-------+------+-------+------+-------+------+-------+------+-------+------+-------+------+-------+------+-------+------+-------+------+-------+------+-------+------+-------+
* Global Clock column represents track count; while other columns represents cell counts


6. Clock Regions : Global Clock Summary
---------------------------------------

All Modules
+----+----+----+
|    | X0 | X1 |
+----+----+----+
| Y2 |  4 |  7 |
| Y1 |  3 |  8 |
| Y0 |  1 |  1 |
+----+----+----+


7. Device Cell Placement Summary for Global Clock g0
----------------------------------------------------

+-----------+-----------------+-------------------+-------------+-------------+---------------+-------------+----------+----------------+----------+---------+
| Global Id | Driver Type/Pin | Driver Region (D) | Clock       | Period (ns) | Waveform (ns) | Slice Loads | IO Loads | Clocking Loads | GT Loads | Net     |
+-----------+-----------------+-------------------+-------------+-------------+---------------+-------------+----------+----------------+----------+---------+
| g0        | BUFG/O          | n/a               | pll_adc_clk |       8.000 | {0.000 4.000} |        9855 |        1 |              0 |        0 | adc_clk |
+-----------+-----------------+-------------------+-------------+-------------+---------------+-------------+----------+----------------+----------+---------+
* Slice Loads column represents load cell count of all cell types other than IO, GT and clock resources
** IO Loads column represents load cell count of IO types
*** Clocking Loads column represents load cell count that are clock resources (global clock buffer, MMCM, PLL, etc)
**** GT Loads column represents load cell count of GT types


+----+-------+-------+
|    | X0    | X1    |
+----+-------+-------+
| Y2 |   124 |   713 |
| Y1 |  2565 |  3827 |
| Y0 |  1561 |  1066 |
+----+-------+-------+


8. Device Cell Placement Summary for Global Clock g1
----------------------------------------------------

+-----------+-----------------+-------------------+------------+-------------+---------------+-------------+----------+----------------+----------+-----------------------------------------------+
| Global Id | Driver Type/Pin | Driver Region (D) | Clock      | Period (ns) | Waveform (ns) | Slice Loads | IO Loads | Clocking Loads | GT Loads | Net                                           |
+-----------+-----------------+-------------------+------------+-------------+---------------+-------------+----------+----------------+----------+-----------------------------------------------+
| g1        | BUFG/O          | n/a               | clk_fpga_3 |       5.000 | {0.000 2.500} |         987 |        0 |              0 |        0 | ps/system_i/processing_system7/inst/FCLK_CLK3 |
+-----------+-----------------+-------------------+------------+-------------+---------------+-------------+----------+----------------+----------+-----------------------------------------------+
* Slice Loads column represents load cell count of all cell types other than IO, GT and clock resources
** IO Loads column represents load cell count of IO types
*** Clocking Loads column represents load cell count that are clock resources (global clock buffer, MMCM, PLL, etc)
**** GT Loads column represents load cell count of GT types


+----+------+------+
|    | X0   | X1   |
+----+------+------+
| Y2 |  809 |  178 |
| Y1 |    0 |    0 |
| Y0 |    0 |    0 |
+----+------+------+


9. Device Cell Placement Summary for Global Clock g2
----------------------------------------------------

+-----------+-----------------+-------------------+----------------+-------------+---------------+-------------+----------+----------------+----------+-------------+
| Global Id | Driver Type/Pin | Driver Region (D) | Clock          | Period (ns) | Waveform (ns) | Slice Loads | IO Loads | Clocking Loads | GT Loads | Net         |
+-----------+-----------------+-------------------+----------------+-------------+---------------+-------------+----------+----------------+----------+-------------+
| g2        | BUFG/O          | n/a               | pll_dac_clk_2x |       4.000 | {0.000 2.000} |         902 |        0 |              0 |        0 | dac_axi_clk |
+-----------+-----------------+-------------------+----------------+-------------+---------------+-------------+----------+----------------+----------+-------------+
* Slice Loads column represents load cell count of all cell types other than IO, GT and clock resources
** IO Loads column represents load cell count of IO types
*** Clocking Loads column represents load cell count that are clock resources (global clock buffer, MMCM, PLL, etc)
**** GT Loads column represents load cell count of GT types


+----+------+-----+
|    | X0   | X1  |
+----+------+-----+
| Y2 |    1 |   0 |
| Y1 |  846 |  55 |
| Y0 |    0 |   0 |
+----+------+-----+


10. Device Cell Placement Summary for Global Clock g3
-----------------------------------------------------

+-----------+-----------------+-------------------+----------------+-------------+---------------+-------------+----------+----------------+----------+------------+
| Global Id | Driver Type/Pin | Driver Region (D) | Clock          | Period (ns) | Waveform (ns) | Slice Loads | IO Loads | Clocking Loads | GT Loads | Net        |
+-----------+-----------------+-------------------+----------------+-------------+---------------+-------------+----------+----------------+----------+------------+
| g3        | BUFG/O          | n/a               | pll_dac_clk_2x |       4.000 | {0.000 2.000} |           1 |        0 |              0 |        0 | dac_clk_2x |
+-----------+-----------------+-------------------+----------------+-------------+---------------+-------------+----------+----------------+----------+------------+
* Slice Loads column represents load cell count of all cell types other than IO, GT and clock resources
** IO Loads column represents load cell count of IO types
*** Clocking Loads column represents load cell count that are clock resources (global clock buffer, MMCM, PLL, etc)
**** GT Loads column represents load cell count of GT types


+----+----+----+
|    | X0 | X1 |
+----+----+----+
| Y2 |  0 |  1 |
| Y1 |  0 |  0 |
| Y0 |  0 |  0 |
+----+----+----+


11. Device Cell Placement Summary for Global Clock g4
-----------------------------------------------------

+-----------+-----------------+-------------------+------------+-------------+---------------+-------------+----------+----------------+----------+------------------+
| Global Id | Driver Type/Pin | Driver Region (D) | Clock      | Period (ns) | Waveform (ns) | Slice Loads | IO Loads | Clocking Loads | GT Loads | Net              |
+-----------+-----------------+-------------------+------------+-------------+---------------+-------------+----------+----------------+----------+------------------+
| g4        | BUFG/O          | n/a               | clk_fpga_0 |       8.000 | {0.000 4.000} |         236 |        0 |              0 |        0 | ps/fclk_clk_o[0] |
+-----------+-----------------+-------------------+------------+-------------+---------------+-------------+----------+----------------+----------+------------------+
* Slice Loads column represents load cell count of all cell types other than IO, GT and clock resources
** IO Loads column represents load cell count of IO types
*** Clocking Loads column represents load cell count that are clock resources (global clock buffer, MMCM, PLL, etc)
**** GT Loads column represents load cell count of GT types


+----+------+-----+
|    | X0   | X1  |
+----+------+-----+
| Y2 |    1 |  68 |
| Y1 |  133 |  34 |
| Y0 |    0 |   0 |
+----+------+-----+


12. Device Cell Placement Summary for Global Clock g5
-----------------------------------------------------

+-----------+-----------------+-------------------+---------+-------------+---------------+-------------+----------+----------------+----------+------------------------+
| Global Id | Driver Type/Pin | Driver Region (D) | Clock   | Period (ns) | Waveform (ns) | Slice Loads | IO Loads | Clocking Loads | GT Loads | Net                    |
+-----------+-----------------+-------------------+---------+-------------+---------------+-------------+----------+----------------+----------+------------------------+
| g5        | BUFG/O          | n/a               | par_clk |       8.000 | {0.000 4.000} |         233 |        0 |              0 |        0 | i_daisy/i_rx/par_clk_o |
+-----------+-----------------+-------------------+---------+-------------+---------------+-------------+----------+----------------+----------+------------------------+
* Slice Loads column represents load cell count of all cell types other than IO, GT and clock resources
** IO Loads column represents load cell count of IO types
*** Clocking Loads column represents load cell count that are clock resources (global clock buffer, MMCM, PLL, etc)
**** GT Loads column represents load cell count of GT types


+----+----+------+
|    | X0 | X1   |
+----+----+------+
| Y2 |  0 |    1 |
| Y1 |  0 |  232 |
| Y0 |  0 |    0 |
+----+----+------+


13. Device Cell Placement Summary for Global Clock g6
-----------------------------------------------------

+-----------+-----------------+-------------------+---------+-------------+---------------+-------------+----------+----------------+----------+----------------------+
| Global Id | Driver Type/Pin | Driver Region (D) | Clock   | Period (ns) | Waveform (ns) | Slice Loads | IO Loads | Clocking Loads | GT Loads | Net                  |
+-----------+-----------------+-------------------+---------+-------------+---------------+-------------+----------+----------------+----------+----------------------+
| g6        | BUFR/O          | X1Y1              | par_clk |       8.000 | {0.000 4.000} |          49 |        1 |              1 |        0 | i_daisy/i_rx/par_clk |
+-----------+-----------------+-------------------+---------+-------------+---------------+-------------+----------+----------------+----------+----------------------+
* Slice Loads column represents load cell count of all cell types other than IO, GT and clock resources
** IO Loads column represents load cell count of IO types
*** Clocking Loads column represents load cell count that are clock resources (global clock buffer, MMCM, PLL, etc)
**** GT Loads column represents load cell count of GT types


+----+----+---------+
|    | X0 | X1      |
+----+----+---------+
| Y2 |  0 |       0 |
| Y1 |  0 |  (D) 50 |
| Y0 |  0 |       0 |
+----+----+---------+


14. Device Cell Placement Summary for Global Clock g7
-----------------------------------------------------

+-----------+-----------------+-------------------+----------------+-------------+---------------+-------------+----------+----------------+----------+------------+
| Global Id | Driver Type/Pin | Driver Region (D) | Clock          | Period (ns) | Waveform (ns) | Slice Loads | IO Loads | Clocking Loads | GT Loads | Net        |
+-----------+-----------------+-------------------+----------------+-------------+---------------+-------------+----------+----------------+----------+------------+
| g7        | BUFG/O          | n/a               | pll_dac_clk_1x |       8.000 | {0.000 4.000} |          45 |        0 |              0 |        0 | dac_clk_1x |
+-----------+-----------------+-------------------+----------------+-------------+---------------+-------------+----------+----------------+----------+------------+
* Slice Loads column represents load cell count of all cell types other than IO, GT and clock resources
** IO Loads column represents load cell count of IO types
*** Clocking Loads column represents load cell count that are clock resources (global clock buffer, MMCM, PLL, etc)
**** GT Loads column represents load cell count of GT types


+----+----+-----+
|    | X0 | X1  |
+----+----+-----+
| Y2 |  0 |  30 |
| Y1 |  0 |  15 |
| Y0 |  0 |   0 |
+----+----+-----+


15. Device Cell Placement Summary for Global Clock g8
-----------------------------------------------------

+-----------+-----------------+-------------------+-------------+-------------+---------------+-------------+----------+----------------+----------+---------+
| Global Id | Driver Type/Pin | Driver Region (D) | Clock       | Period (ns) | Waveform (ns) | Slice Loads | IO Loads | Clocking Loads | GT Loads | Net     |
+-----------+-----------------+-------------------+-------------+-------------+---------------+-------------+----------+----------------+----------+---------+
| g8        | BUFG/O          | n/a               | pll_ser_clk |       4.000 | {0.000 2.000} |           1 |        1 |              0 |        0 | ser_clk |
+-----------+-----------------+-------------------+-------------+-------------+---------------+-------------+----------+----------------+----------+---------+
* Slice Loads column represents load cell count of all cell types other than IO, GT and clock resources
** IO Loads column represents load cell count of IO types
*** Clocking Loads column represents load cell count that are clock resources (global clock buffer, MMCM, PLL, etc)
**** GT Loads column represents load cell count of GT types


+----+----+----+
|    | X0 | X1 |
+----+----+----+
| Y2 |  0 |  0 |
| Y1 |  0 |  2 |
| Y0 |  0 |  0 |
+----+----+----+


16. Device Cell Placement Summary for Global Clock g9
-----------------------------------------------------

+-----------+-----------------+-------------------+----------------+-------------+----------------+-------------+----------+----------------+----------+------------+
| Global Id | Driver Type/Pin | Driver Region (D) | Clock          | Period (ns) | Waveform (ns)  | Slice Loads | IO Loads | Clocking Loads | GT Loads | Net        |
+-----------+-----------------+-------------------+----------------+-------------+----------------+-------------+----------+----------------+----------+------------+
| g9        | BUFG/O          | n/a               | pll_dac_clk_2p |       4.000 | {-0.500 1.500} |           1 |        0 |              0 |        0 | dac_clk_2p |
+-----------+-----------------+-------------------+----------------+-------------+----------------+-------------+----------+----------------+----------+------------+
* Slice Loads column represents load cell count of all cell types other than IO, GT and clock resources
** IO Loads column represents load cell count of IO types
*** Clocking Loads column represents load cell count that are clock resources (global clock buffer, MMCM, PLL, etc)
**** GT Loads column represents load cell count of GT types


+----+----+----+
|    | X0 | X1 |
+----+----+----+
| Y2 |  0 |  1 |
| Y1 |  0 |  0 |
| Y0 |  0 |  0 |
+----+----+----+


17. Clock Region Cell Placement per Global Clock: Region X0Y0
-------------------------------------------------------------

+-----------+-------+-----------------+------------+-------------+-----------------+------+--------+------+-----+----+------+-----+---------+---------+
| Global Id | Track | Driver Type/Pin | Constraint | Clock Loads | Non-Clock Loads | FF   | LUTRAM | RAMB | DSP | GT | MMCM | PLL | Hard IP | Net     |
+-----------+-------+-----------------+------------+-------------+-----------------+------+--------+------+-----+----+------+-----+---------+---------+
| g0        | n/a   | BUFG/O          | None       |        1561 |               0 | 1434 |    107 |   12 |   8 |  0 |    0 |   0 |       0 | adc_clk |
+-----------+-------+-----------------+------------+-------------+-----------------+------+--------+------+-----+----+------+-----+---------+---------+
* Clock Loads column represents the clock pin loads (pin count)
** Non-Clock Loads column represents the non-clock pin loads (pin count)
*** Columns FF, LUTRAM, RAMB through 'Hard IP' represents load cell counts


18. Clock Region Cell Placement per Global Clock: Region X1Y0
-------------------------------------------------------------

+-----------+-------+-----------------+------------+-------------+-----------------+------+--------+------+-----+----+------+-----+---------+---------+
| Global Id | Track | Driver Type/Pin | Constraint | Clock Loads | Non-Clock Loads | FF   | LUTRAM | RAMB | DSP | GT | MMCM | PLL | Hard IP | Net     |
+-----------+-------+-----------------+------------+-------------+-----------------+------+--------+------+-----+----+------+-----+---------+---------+
| g0        | n/a   | BUFG/O          | None       |        1066 |               0 | 1041 |     16 |    5 |   4 |  0 |    0 |   0 |       0 | adc_clk |
+-----------+-------+-----------------+------------+-------------+-----------------+------+--------+------+-----+----+------+-----+---------+---------+
* Clock Loads column represents the clock pin loads (pin count)
** Non-Clock Loads column represents the non-clock pin loads (pin count)
*** Columns FF, LUTRAM, RAMB through 'Hard IP' represents load cell counts


19. Clock Region Cell Placement per Global Clock: Region X0Y1
-------------------------------------------------------------

+-----------+-------+-----------------+------------+-------------+-----------------+------+--------+------+-----+----+------+-----+---------+------------------+
| Global Id | Track | Driver Type/Pin | Constraint | Clock Loads | Non-Clock Loads | FF   | LUTRAM | RAMB | DSP | GT | MMCM | PLL | Hard IP | Net              |
+-----------+-------+-----------------+------------+-------------+-----------------+------+--------+------+-----+----+------+-----+---------+------------------+
| g0        | n/a   | BUFG/O          | None       |        2565 |               0 | 2437 |    119 |    6 |   1 |  0 |    0 |   0 |       0 | adc_clk          |
| g2        | n/a   | BUFG/O          | None       |         846 |               0 |  835 |      6 |    3 |   0 |  0 |    0 |   0 |       0 | dac_axi_clk      |
| g4        | n/a   | BUFG/O          | None       |         133 |               0 |  133 |      0 |    0 |   0 |  0 |    0 |   0 |       0 | ps/fclk_clk_o[0] |
+-----------+-------+-----------------+------------+-------------+-----------------+------+--------+------+-----+----+------+-----+---------+------------------+
* Clock Loads column represents the clock pin loads (pin count)
** Non-Clock Loads column represents the non-clock pin loads (pin count)
*** Columns FF, LUTRAM, RAMB through 'Hard IP' represents load cell counts


20. Clock Region Cell Placement per Global Clock: Region X1Y1
-------------------------------------------------------------

+-----------+-------+-----------------+------------+-------------+-----------------+------+--------+------+-----+----+------+-----+---------+------------------------+
| Global Id | Track | Driver Type/Pin | Constraint | Clock Loads | Non-Clock Loads | FF   | LUTRAM | RAMB | DSP | GT | MMCM | PLL | Hard IP | Net                    |
+-----------+-------+-----------------+------------+-------------+-----------------+------+--------+------+-----+----+------+-----+---------+------------------------+
| g0        | n/a   | BUFG/O          | None       |        3827 |               0 | 3782 |     26 |   13 |   5 |  0 |    0 |   0 |       0 | adc_clk                |
| g2        | n/a   | BUFG/O          | None       |          55 |               0 |   54 |      0 |    1 |   0 |  0 |    0 |   0 |       0 | dac_axi_clk            |
| g4        | n/a   | BUFG/O          | None       |          34 |               0 |   34 |      0 |    0 |   0 |  0 |    0 |   0 |       0 | ps/fclk_clk_o[0]       |
| g5        | n/a   | BUFG/O          | None       |         232 |               0 |  230 |      0 |    0 |   0 |  0 |    0 |   0 |       0 | i_daisy/i_rx/par_clk_o |
| g6        | n/a   | BUFR/O          | None       |          50 |               0 |   48 |      1 |    0 |   0 |  0 |    0 |   0 |       0 | i_daisy/i_rx/par_clk   |
| g7        | n/a   | BUFG/O          | None       |          15 |               0 |   15 |      0 |    0 |   0 |  0 |    0 |   0 |       0 | dac_clk_1x             |
| g8        | n/a   | BUFG/O          | None       |           2 |               0 |    0 |      0 |    0 |   0 |  0 |    0 |   0 |       0 | ser_clk                |
+-----------+-------+-----------------+------------+-------------+-----------------+------+--------+------+-----+----+------+-----+---------+------------------------+
* Clock Loads column represents the clock pin loads (pin count)
** Non-Clock Loads column represents the non-clock pin loads (pin count)
*** Columns FF, LUTRAM, RAMB through 'Hard IP' represents load cell counts


21. Clock Region Cell Placement per Global Clock: Region X0Y2
-------------------------------------------------------------

+-----------+-------+-----------------+------------+-------------+-----------------+-----+--------+------+-----+----+------+-----+---------+-----------------------------------------------+
| Global Id | Track | Driver Type/Pin | Constraint | Clock Loads | Non-Clock Loads | FF  | LUTRAM | RAMB | DSP | GT | MMCM | PLL | Hard IP | Net                                           |
+-----------+-------+-----------------+------------+-------------+-----------------+-----+--------+------+-----+----+------+-----+---------+-----------------------------------------------+
| g0        | n/a   | BUFG/O          | None       |         124 |               0 | 123 |      0 |    0 |   0 |  0 |    0 |   0 |       0 | adc_clk                                       |
| g1        | n/a   | BUFG/O          | None       |         809 |               0 | 757 |     51 |    0 |   0 |  0 |    0 |   0 |       0 | ps/system_i/processing_system7/inst/FCLK_CLK3 |
| g2        | n/a   | BUFG/O          | None       |           1 |               0 |   0 |      0 |    0 |   0 |  0 |    0 |   0 |       0 | dac_axi_clk                                   |
| g4        | n/a   | BUFG/O          | None       |           1 |               0 |   0 |      0 |    0 |   0 |  0 |    0 |   0 |       0 | ps/fclk_clk_o[0]                              |
+-----------+-------+-----------------+------------+-------------+-----------------+-----+--------+------+-----+----+------+-----+---------+-----------------------------------------------+
* Clock Loads column represents the clock pin loads (pin count)
** Non-Clock Loads column represents the non-clock pin loads (pin count)
*** Columns FF, LUTRAM, RAMB through 'Hard IP' represents load cell counts


22. Clock Region Cell Placement per Global Clock: Region X1Y2
-------------------------------------------------------------

+-----------+-------+-----------------+------------+-------------+-----------------+-----+--------+------+-----+----+------+-----+---------+-----------------------------------------------+
| Global Id | Track | Driver Type/Pin | Constraint | Clock Loads | Non-Clock Loads | FF  | LUTRAM | RAMB | DSP | GT | MMCM | PLL | Hard IP | Net                                           |
+-----------+-------+-----------------+------------+-------------+-----------------+-----+--------+------+-----+----+------+-----+---------+-----------------------------------------------+
| g0        | n/a   | BUFG/O          | None       |         713 |               0 | 703 |      2 |    0 |   8 |  0 |    0 |   0 |       0 | adc_clk                                       |
| g1        | n/a   | BUFG/O          | None       |         178 |               0 | 176 |      1 |    0 |   0 |  0 |    0 |   0 |       0 | ps/system_i/processing_system7/inst/FCLK_CLK3 |
| g4        | n/a   | BUFG/O          | None       |          68 |               0 |  68 |      0 |    0 |   0 |  0 |    0 |   0 |       0 | ps/fclk_clk_o[0]                              |
| g5        | n/a   | BUFG/O          | None       |           1 |               0 |   1 |      0 |    0 |   0 |  0 |    0 |   0 |       0 | i_daisy/i_rx/par_clk_o                        |
| g7        | n/a   | BUFG/O          | None       |          30 |               0 |  14 |      0 |    0 |   0 |  0 |    0 |   0 |       0 | dac_clk_1x                                    |
| g9        | n/a   | BUFG/O          | None       |           1 |               0 |   0 |      0 |    0 |   0 |  0 |    0 |   0 |       0 | dac_clk_2p                                    |
| g3        | n/a   | BUFG/O          | None       |           1 |               0 |   0 |      0 |    0 |   0 |  0 |    0 |   0 |       0 | dac_clk_2x                                    |
+-----------+-------+-----------------+------------+-------------+-----------------+-----+--------+------+-----+----+------+-----+---------+-----------------------------------------------+
* Clock Loads column represents the clock pin loads (pin count)
** Non-Clock Loads column represents the non-clock pin loads (pin count)
*** Columns FF, LUTRAM, RAMB through 'Hard IP' represents load cell counts



# Location of BUFG Primitives 
set_property LOC BUFGCTRL_X0Y22 [get_cells bufg_ser_clk]
set_property LOC BUFGCTRL_X0Y18 [get_cells ps/system_i/processing_system7/inst/buffer_fclk_clk_3.FCLK_CLK_3_BUFG]
set_property LOC BUFGCTRL_X0Y19 [get_cells ps/fclk_buf[0]]
set_property LOC BUFGCTRL_X0Y20 [get_cells i_daisy/i_rx/i_parclk_buf]
set_property LOC BUFGCTRL_X0Y24 [get_cells bufg_dac_clk_2x]
set_property LOC BUFGCTRL_X0Y23 [get_cells bufg_dac_clk_2p]
set_property LOC BUFGCTRL_X0Y21 [get_cells bufg_dac_clk_1x]
set_property LOC BUFGCTRL_X0Y17 [get_cells bufg_dac_axi_clk]
set_property LOC BUFGCTRL_X0Y16 [get_cells bufg_adc_clk]

# Location of BUFIO Primitives 
set_property LOC BUFIO_X1Y5 [get_cells i_daisy/i_rx/i_BUFIO_clk]

# Location of BUFR Primitives 
set_property LOC BUFR_X1Y5 [get_cells i_daisy/i_rx/i_BUFR_clk]

# Location of IO Primitives which is load of clock spine

# Location of clock ports
set_property LOC IOB_X1Y75 [get_ports adc_clk_i[0]]
set_property LOC IOB_X1Y76 [get_ports adc_clk_i[1]]
set_property LOC IOB_X1Y73 [get_ports daisy_n_i[1]]
set_property LOC IOB_X1Y74 [get_ports daisy_p_i[1]]

# Clock net "ser_clk" driven by instance "bufg_ser_clk" located at site "BUFGCTRL_X0Y22"
#startgroup
create_pblock {CLKAG_ser_clk}
add_cells_to_pblock [get_pblocks  {CLKAG_ser_clk}] [get_cells -filter { PRIMITIVE_GROUP != I/O && IS_PRIMITIVE==1 && PRIMITIVE_LEVEL !=INTERNAL } -of_object [get_pins -filter {DIRECTION==IN} -of_objects [get_nets -hierarchical -filter {PARENT=="ser_clk"}]]]
resize_pblock [get_pblocks {CLKAG_ser_clk}] -add {CLOCKREGION_X1Y1:CLOCKREGION_X1Y1}
#endgroup

# Clock net "ps/system_i/processing_system7/inst/FCLK_CLK3" driven by instance "ps/system_i/processing_system7/inst/buffer_fclk_clk_3.FCLK_CLK_3_BUFG" located at site "BUFGCTRL_X0Y18"
#startgroup
create_pblock {CLKAG_ps/system_i/processing_system7/inst/FCLK_CLK3}
add_cells_to_pblock [get_pblocks  {CLKAG_ps/system_i/processing_system7/inst/FCLK_CLK3}] [get_cells -filter { PRIMITIVE_GROUP != I/O && IS_PRIMITIVE==1 && PRIMITIVE_LEVEL !=INTERNAL } -of_object [get_pins -filter {DIRECTION==IN} -of_objects [get_nets -hierarchical -filter {PARENT=="ps/system_i/processing_system7/inst/FCLK_CLK3"}]]]
resize_pblock [get_pblocks {CLKAG_ps/system_i/processing_system7/inst/FCLK_CLK3}] -add {CLOCKREGION_X0Y2:CLOCKREGION_X0Y2 CLOCKREGION_X1Y2:CLOCKREGION_X1Y2}
#endgroup

# Clock net "ps/fclk_clk_o[0]" driven by instance "ps/fclk_buf[0]" located at site "BUFGCTRL_X0Y19"
#startgroup
create_pblock {CLKAG_ps/fclk_clk_o[0]}
add_cells_to_pblock [get_pblocks  {CLKAG_ps/fclk_clk_o[0]}] [get_cells -filter { PRIMITIVE_GROUP != I/O && IS_PRIMITIVE==1 && PRIMITIVE_LEVEL !=INTERNAL } -of_object [get_pins -filter {DIRECTION==IN} -of_objects [get_nets -hierarchical -filter {PARENT=="ps/fclk_clk_o[0]"}]]]
resize_pblock [get_pblocks {CLKAG_ps/fclk_clk_o[0]}] -add {CLOCKREGION_X0Y1:CLOCKREGION_X0Y1 CLOCKREGION_X0Y2:CLOCKREGION_X0Y2 CLOCKREGION_X1Y1:CLOCKREGION_X1Y1 CLOCKREGION_X1Y2:CLOCKREGION_X1Y2}
#endgroup

# Clock net "i_daisy/i_rx/par_clk_o" driven by instance "i_daisy/i_rx/i_parclk_buf" located at site "BUFGCTRL_X0Y20"
#startgroup
create_pblock {CLKAG_i_daisy/i_rx/par_clk_o}
add_cells_to_pblock [get_pblocks  {CLKAG_i_daisy/i_rx/par_clk_o}] [get_cells -filter { PRIMITIVE_GROUP != I/O && IS_PRIMITIVE==1 && PRIMITIVE_LEVEL !=INTERNAL } -of_object [get_pins -filter {DIRECTION==IN} -of_objects [get_nets -hierarchical -filter {PARENT=="i_daisy/i_rx/par_clk_o"}]]]
resize_pblock [get_pblocks {CLKAG_i_daisy/i_rx/par_clk_o}] -add {CLOCKREGION_X1Y1:CLOCKREGION_X1Y1 CLOCKREGION_X1Y2:CLOCKREGION_X1Y2}
#endgroup

# Clock net "i_daisy/i_rx/par_clk" driven by instance "i_daisy/i_rx/i_BUFR_clk" located at site "BUFR_X1Y5"
#startgroup
create_pblock {CLKAG_i_daisy/i_rx/par_clk}
add_cells_to_pblock [get_pblocks  {CLKAG_i_daisy/i_rx/par_clk}] [get_cells -filter { PRIMITIVE_GROUP != I/O && IS_PRIMITIVE==1 && PRIMITIVE_LEVEL !=INTERNAL && NAME!=i_daisy/i_rx/i_parclk_buf} -of_object [get_pins -filter {DIRECTION==IN} -of_objects [get_nets -hierarchical -filter {PARENT=="i_daisy/i_rx/par_clk"}]]]
resize_pblock [get_pblocks {CLKAG_i_daisy/i_rx/par_clk}] -add {CLOCKREGION_X1Y1:CLOCKREGION_X1Y1}
#endgroup

# Clock net "dac_clk_2x" driven by instance "bufg_dac_clk_2x" located at site "BUFGCTRL_X0Y24"
#startgroup
create_pblock {CLKAG_dac_clk_2x}
add_cells_to_pblock [get_pblocks  {CLKAG_dac_clk_2x}] [get_cells -filter { PRIMITIVE_GROUP != I/O && IS_PRIMITIVE==1 && PRIMITIVE_LEVEL !=INTERNAL } -of_object [get_pins -filter {DIRECTION==IN} -of_objects [get_nets -hierarchical -filter {PARENT=="dac_clk_2x"}]]]
resize_pblock [get_pblocks {CLKAG_dac_clk_2x}] -add {CLOCKREGION_X1Y2:CLOCKREGION_X1Y2}
#endgroup

# Clock net "dac_clk_2p" driven by instance "bufg_dac_clk_2p" located at site "BUFGCTRL_X0Y23"
#startgroup
create_pblock {CLKAG_dac_clk_2p}
add_cells_to_pblock [get_pblocks  {CLKAG_dac_clk_2p}] [get_cells -filter { PRIMITIVE_GROUP != I/O && IS_PRIMITIVE==1 && PRIMITIVE_LEVEL !=INTERNAL } -of_object [get_pins -filter {DIRECTION==IN} -of_objects [get_nets -hierarchical -filter {PARENT=="dac_clk_2p"}]]]
resize_pblock [get_pblocks {CLKAG_dac_clk_2p}] -add {CLOCKREGION_X1Y2:CLOCKREGION_X1Y2}
#endgroup

# Clock net "dac_clk_1x" driven by instance "bufg_dac_clk_1x" located at site "BUFGCTRL_X0Y21"
#startgroup
create_pblock {CLKAG_dac_clk_1x}
add_cells_to_pblock [get_pblocks  {CLKAG_dac_clk_1x}] [get_cells -filter { PRIMITIVE_GROUP != I/O && IS_PRIMITIVE==1 && PRIMITIVE_LEVEL !=INTERNAL } -of_object [get_pins -filter {DIRECTION==IN} -of_objects [get_nets -hierarchical -filter {PARENT=="dac_clk_1x"}]]]
resize_pblock [get_pblocks {CLKAG_dac_clk_1x}] -add {CLOCKREGION_X1Y1:CLOCKREGION_X1Y1 CLOCKREGION_X1Y2:CLOCKREGION_X1Y2}
#endgroup

# Clock net "dac_axi_clk" driven by instance "bufg_dac_axi_clk" located at site "BUFGCTRL_X0Y17"
#startgroup
create_pblock {CLKAG_dac_axi_clk}
add_cells_to_pblock [get_pblocks  {CLKAG_dac_axi_clk}] [get_cells -filter { PRIMITIVE_GROUP != I/O && IS_PRIMITIVE==1 && PRIMITIVE_LEVEL !=INTERNAL } -of_object [get_pins -filter {DIRECTION==IN} -of_objects [get_nets -hierarchical -filter {PARENT=="dac_axi_clk"}]]]
resize_pblock [get_pblocks {CLKAG_dac_axi_clk}] -add {CLOCKREGION_X0Y1:CLOCKREGION_X0Y1 CLOCKREGION_X0Y2:CLOCKREGION_X0Y2 CLOCKREGION_X1Y1:CLOCKREGION_X1Y1}
#endgroup

# Clock net "adc_clk" driven by instance "bufg_adc_clk" located at site "BUFGCTRL_X0Y16"
#startgroup
create_pblock {CLKAG_adc_clk}
add_cells_to_pblock [get_pblocks  {CLKAG_adc_clk}] [get_cells -filter { PRIMITIVE_GROUP != I/O && IS_PRIMITIVE==1 && PRIMITIVE_LEVEL !=INTERNAL } -of_object [get_pins -filter {DIRECTION==IN} -of_objects [get_nets -hierarchical -filter {PARENT=="adc_clk"}]]]
resize_pblock [get_pblocks {CLKAG_adc_clk}] -add {CLOCKREGION_X0Y0:CLOCKREGION_X0Y0 CLOCKREGION_X0Y1:CLOCKREGION_X0Y1 CLOCKREGION_X0Y2:CLOCKREGION_X0Y2 CLOCKREGION_X1Y0:CLOCKREGION_X1Y0 CLOCKREGION_X1Y1:CLOCKREGION_X1Y1 CLOCKREGION_X1Y2:CLOCKREGION_X1Y2}
#endgroup
