######################################################
##
## report_io_reg (01/23/2015)
##
## Vivado v2020.1 (64-bit)
## SW Build 2902540 on Wed May 27 19:54:35 MDT 2020
## IP Build 2902112 on Wed May 27 22:43:36 MDT 2020
## Copyright 1986-2020 Xilinx, Inc. All Rights Reserved.
##
## Generated on Wed May 06 15:58:09 -03 2026
##
######################################################


 +--------------------------------------------------------------------------------------------------------------------------------------------------------------------------------------+
 | IO Ports Summary                                                                                                                                                                     |
 +-------------------+-------+--------+-------------+---------+--------------+--------+--------+------------------------------------+------------------------------------+--------------+
 | Port              | Dir   | Coord  | Package pin | IO Bank | Clock Region | IDELAY | ODELAY | ILOGIC                             | OLOGIC                             | Info         |
 +-------------------+-------+--------+-------------+---------+--------------+--------+--------+------------------------------------+------------------------------------+--------------+
 | adc_cdcs_o        | OUT   | X1Y57  | V18         | 34      | X1Y1         |        |        |                                    |                                    | No Output FF |
 | adc_clk_i[0]      | IN    | X1Y75  | U19         | 34      | X1Y1         |        |        |                                    |                                    | No Input FF  |
 | adc_clk_i[1]      | IN    | X1Y76  | U18         | 34      | X1Y1         |        |        |                                    |                                    | No Input FF  |
 | adc_clk_o[0]      | OUT   | X1Y72  | N20         | 34      | X1Y1         |        |        |                                    | i_adc_clk_p                        |              |
 | adc_clk_o[1]      | OUT   | X1Y71  | P20         | 34      | X1Y1         |        |        |                                    | i_adc_clk_n                        |              |
 | adc_dat_i[0][0]   | IN    | X1Y58  | V17         | 34      | X1Y1         |        |        |                                    |                                    | No Input FF  |
 | adc_dat_i[0][1]   | IN    | X1Y81  | U17         | 34      | X1Y1         |        |        |                                    |                                    | No Input FF  |
 | adc_dat_i[0][2]   | IN    | X1Y85  | Y17         | 34      | X1Y1         |        |        |                                    |                                    | No Input FF  |
 | adc_dat_i[0][3]   | IN    | X1Y63  | W16         | 34      | X1Y1         |        |        |                                    |                                    | No Input FF  |
 | adc_dat_i[0][4]   | IN    | X1Y86  | Y16         | 34      | X1Y1         |        |        |                                    |                                    | No Input FF  |
 | adc_dat_i[0][5]   | IN    | X1Y79  | W15         | 34      | X1Y1         |        |        |                                    |                                    | No Input FF  |
 | adc_dat_i[0][6]   | IN    | X1Y84  | W14         | 34      | X1Y1         |        |        |                                    |                                    | No Input FF  |
 | adc_dat_i[0][7]   | IN    | X1Y83  | Y14         | 34      | X1Y1         |        |        |                                    |                                    | No Input FF  |
 | adc_dat_i[0][8]   | IN    | X1Y91  | W13         | 34      | X1Y1         |        |        |                                    |                                    | No Input FF  |
 | adc_dat_i[0][9]   | IN    | X1Y92  | V12         | 34      | X1Y1         |        |        |                                    |                                    | No Input FF  |
 | adc_dat_i[0][10]  | IN    | X1Y93  | V13         | 34      | X1Y1         |        |        |                                    |                                    | No Input FF  |
 | adc_dat_i[0][11]  | IN    | X1Y90  | T14         | 34      | X1Y1         |        |        |                                    |                                    | No Input FF  |
 | adc_dat_i[0][12]  | IN    | X1Y89  | T15         | 34      | X1Y1         |        |        |                                    |                                    | No Input FF  |
 | adc_dat_i[0][13]  | IN    | X1Y80  | V15         | 34      | X1Y1         |        |        |                                    |                                    | No Input FF  |
 | adc_dat_i[0][14]  | IN    | X1Y82  | T16         | 34      | X1Y1         |        |        | adc_dat_reg[0][14]                 |                                    |              |
 | adc_dat_i[0][15]  | IN    | X1Y64  | V16         | 34      | X1Y1         |        |        | adc_dat_reg[0][15]                 |                                    |              |
 | adc_dat_i[1][0]   | IN    | X1Y60  | T17         | 34      | X1Y1         |        |        |                                    |                                    | No Input FF  |
 | adc_dat_i[1][1]   | IN    | X1Y62  | R16         | 34      | X1Y1         |        |        |                                    |                                    | No Input FF  |
 | adc_dat_i[1][2]   | IN    | X1Y59  | R18         | 34      | X1Y1         |        |        |                                    |                                    | No Input FF  |
 | adc_dat_i[1][3]   | IN    | X1Y51  | P16         | 34      | X1Y1         |        |        |                                    |                                    | No Input FF  |
 | adc_dat_i[1][4]   | IN    | X1Y53  | P18         | 34      | X1Y1         |        |        |                                    |                                    | No Input FF  |
 | adc_dat_i[1][5]   | IN    | X1Y54  | N17         | 34      | X1Y1         |        |        |                                    |                                    | No Input FF  |
 | adc_dat_i[1][6]   | IN    | X1Y99  | R19         | 34      | X1Y1         |        |        |                                    |                                    | No Input FF  |
 | adc_dat_i[1][7]   | IN    | X1Y70  | T20         | 34      | X1Y1         |        |        |                                    |                                    | No Input FF  |
 | adc_dat_i[1][8]   | IN    | X1Y50  | T19         | 34      | X1Y1         |        |        |                                    |                                    | No Input FF  |
 | adc_dat_i[1][9]   | IN    | X1Y69  | U20         | 34      | X1Y1         |        |        |                                    |                                    | No Input FF  |
 | adc_dat_i[1][10]  | IN    | X1Y68  | V20         | 34      | X1Y1         |        |        |                                    |                                    | No Input FF  |
 | adc_dat_i[1][11]  | IN    | X1Y67  | W20         | 34      | X1Y1         |        |        |                                    |                                    | No Input FF  |
 | adc_dat_i[1][12]  | IN    | X1Y55  | W19         | 34      | X1Y1         |        |        |                                    |                                    | No Input FF  |
 | adc_dat_i[1][13]  | IN    | X1Y65  | Y19         | 34      | X1Y1         |        |        |                                    |                                    | No Input FF  |
 | adc_dat_i[1][14]  | IN    | X1Y56  | W18         | 34      | X1Y1         |        |        | adc_dat_reg[1][14]                 |                                    |              |
 | adc_dat_i[1][15]  | IN    | X1Y66  | Y18         | 34      | X1Y1         |        |        | adc_dat_reg[1][15]                 |                                    |              |
 | dac_clk_o         | OUT   | X1Y133 | M18         | 35      | X1Y2         |        |        |                                    | oddr_dac_clk                       |              |
 | dac_dat_o[0]      | OUT   | X1Y136 | M19         | 35      | X1Y2         |        |        |                                    | oddr_dac_dat[0]                    |              |
 | dac_dat_o[1]      | OUT   | X1Y135 | M20         | 35      | X1Y2         |        |        |                                    | oddr_dac_dat[1]                    |              |
 | dac_dat_o[2]      | OUT   | X1Y132 | L19         | 35      | X1Y2         |        |        |                                    | oddr_dac_dat[2]                    |              |
 | dac_dat_o[3]      | OUT   | X1Y131 | L20         | 35      | X1Y2         |        |        |                                    | oddr_dac_dat[3]                    |              |
 | dac_dat_o[4]      | OUT   | X1Y130 | K19         | 35      | X1Y2         |        |        |                                    | oddr_dac_dat[4]                    |              |
 | dac_dat_o[5]      | OUT   | X1Y129 | J19         | 35      | X1Y2         |        |        |                                    | oddr_dac_dat[5]                    |              |
 | dac_dat_o[6]      | OUT   | X1Y116 | J20         | 35      | X1Y2         |        |        |                                    | oddr_dac_dat[6]                    |              |
 | dac_dat_o[7]      | OUT   | X1Y115 | H20         | 35      | X1Y2         |        |        |                                    | oddr_dac_dat[7]                    |              |
 | dac_dat_o[8]      | OUT   | X1Y114 | G19         | 35      | X1Y2         |        |        |                                    | oddr_dac_dat[8]                    |              |
 | dac_dat_o[9]      | OUT   | X1Y113 | G20         | 35      | X1Y2         |        |        |                                    | oddr_dac_dat[9]                    |              |
 | dac_dat_o[10]     | OUT   | X1Y120 | F19         | 35      | X1Y2         |        |        |                                    | oddr_dac_dat[10]                   |              |
 | dac_dat_o[11]     | OUT   | X1Y119 | F20         | 35      | X1Y2         |        |        |                                    | oddr_dac_dat[11]                   |              |
 | dac_dat_o[12]     | OUT   | X1Y141 | D20         | 35      | X1Y2         |        |        |                                    | oddr_dac_dat[12]                   |              |
 | dac_dat_o[13]     | OUT   | X1Y142 | D19         | 35      | X1Y2         |        |        |                                    | oddr_dac_dat[13]                   |              |
 | dac_pwm_o[0]      | OUT   | X1Y97  | T10         | 34      | X1Y1         |        |        |                                    | pdm/for_chn[0].pdm_reg[0]          |              |
 | dac_pwm_o[1]      | OUT   | X1Y98  | T11         | 34      | X1Y1         |        |        |                                    | pdm/for_chn[1].pdm_reg[1]          |              |
 | dac_pwm_o[2]      | OUT   | X1Y52  | P15         | 34      | X1Y1         |        |        |                                    | pdm/for_chn[2].pdm_reg[2]          |              |
 | dac_pwm_o[3]      | OUT   | X1Y94  | U13         | 34      | X1Y1         |        |        |                                    | pdm/for_chn[3].pdm_reg[3]          |              |
 | dac_rst_o         | OUT   | X1Y108 | N15         | 35      | X1Y2         |        |        |                                    | oddr_dac_rst                       |              |
 | dac_sel_o         | OUT   | X1Y107 | N16         | 35      | X1Y2         |        |        |                                    | oddr_dac_sel                       |              |
 | dac_wrt_o         | OUT   | X1Y134 | M17         | 35      | X1Y2         |        |        |                                    | oddr_dac_wrt                       |              |
 | daisy_n_i[0]      | IN    | X1Y87  | R14         | 34      | X1Y1         |        |        |                                    |                                    | No Input FF  |
 | daisy_n_i[1]      | IN    | X1Y73  | P19         | 34      | X1Y1         |        |        |                                    |                                    | No Input FF  |
 | daisy_n_o[0]      | OUT   | X1Y95  | U12         | 34      | X1Y1         |        |        |                                    |                                    | No Output FF |
 | daisy_n_o[1]      | OUT   | X1Y77  | U15         | 34      | X1Y1         |        |        |                                    |                                    | No Output FF |
 | daisy_p_i[0]      | IN    | X1Y88  | P14         | 34      | X1Y1         |        |        | i_daisy/i_rx/genblk1[0].i_iserdese |                                    |              |
 | daisy_p_i[1]      | IN    | X1Y74  | N18         | 34      | X1Y1         |        |        |                                    |                                    | No Input FF  |
 | daisy_p_o[0]      | OUT   | X1Y96  | T12         | 34      | X1Y1         |        |        |                                    | i_daisy/i_tx/genblk1[0].i_oserdese |              |
 | daisy_p_o[1]      | OUT   | X1Y78  | U14         | 34      | X1Y1         |        |        |                                    | i_daisy/i_tx/ODDR_clk              |              |
 | DDR_addr[0]       | INOUT | X1Y4   | N2          | 502     |              |        |        |                                    |                                    | Unconnected  |
 | DDR_addr[1]       | INOUT | X1Y5   | K2          | 502     |              |        |        |                                    |                                    | Unconnected  |
 | DDR_addr[2]       | INOUT | X1Y6   | M3          | 502     |              |        |        |                                    |                                    | Unconnected  |
 | DDR_addr[3]       | INOUT | X1Y7   | K3          | 502     |              |        |        |                                    |                                    | Unconnected  |
 | DDR_addr[4]       | INOUT | X1Y8   | M4          | 502     |              |        |        |                                    |                                    | Unconnected  |
 | DDR_addr[5]       | INOUT | X1Y9   | L1          | 502     |              |        |        |                                    |                                    | Unconnected  |
 | DDR_addr[6]       | INOUT | X1Y10  | L4          | 502     |              |        |        |                                    |                                    | Unconnected  |
 | DDR_addr[7]       | INOUT | X1Y11  | K4          | 502     |              |        |        |                                    |                                    | Unconnected  |
 | DDR_addr[8]       | INOUT | X1Y12  | K1          | 502     |              |        |        |                                    |                                    | Unconnected  |
 | DDR_addr[9]       | INOUT | X1Y13  | J4          | 502     |              |        |        |                                    |                                    | Unconnected  |
 | DDR_addr[10]      | INOUT | X1Y14  | F5          | 502     |              |        |        |                                    |                                    | Unconnected  |
 | DDR_addr[11]      | INOUT | X1Y15  | G4          | 502     |              |        |        |                                    |                                    | Unconnected  |
 | DDR_addr[12]      | INOUT | X1Y16  | E4          | 502     |              |        |        |                                    |                                    | Unconnected  |
 | DDR_addr[13]      | INOUT | X1Y18  | D4          | 502     |              |        |        |                                    |                                    | Unconnected  |
 | DDR_addr[14]      | INOUT | X1Y17  | F4          | 502     |              |        |        |                                    |                                    | Unconnected  |
 | DDR_ba[0]         | INOUT | X1Y19  | L5          | 502     |              |        |        |                                    |                                    | Unconnected  |
 | DDR_ba[1]         | INOUT | X1Y20  | R4          | 502     |              |        |        |                                    |                                    | Unconnected  |
 | DDR_ba[2]         | INOUT | X1Y21  | J5          | 502     |              |        |        |                                    |                                    | Unconnected  |
 | DDR_cas_n         | INOUT | X1Y22  | P5          | 502     |              |        |        |                                    |                                    | Unconnected  |
 | DDR_ck_n          | INOUT | X1Y24  | M2          | 502     |              |        |        |                                    |                                    | Unconnected  |
 | DDR_ck_p          | INOUT | X1Y25  | L2          | 502     |              |        |        |                                    |                                    | Unconnected  |
 | DDR_cke           | INOUT | X1Y23  | N3          | 502     |              |        |        |                                    |                                    | Unconnected  |
 | DDR_cs_n          | INOUT | X1Y27  | N1          | 502     |              |        |        |                                    |                                    | Unconnected  |
 | DDR_dm[0]         | INOUT | X1Y28  | A1          | 502     |              |        |        |                                    |                                    | Unconnected  |
 | DDR_dm[1]         | INOUT | X1Y29  | F1          | 502     |              |        |        |                                    |                                    | Unconnected  |
 | DDR_dm[2]         | INOUT | X1Y30  | T1          | 502     |              |        |        |                                    |                                    | Unconnected  |
 | DDR_dm[3]         | INOUT | X1Y31  | Y1          | 502     |              |        |        |                                    |                                    | Unconnected  |
 | DDR_dq[0]         | INOUT | X1Y32  | C3          | 502     |              |        |        |                                    |                                    | Unconnected  |
 | DDR_dq[1]         | INOUT | X1Y33  | B3          | 502     |              |        |        |                                    |                                    | Unconnected  |
 | DDR_dq[2]         | INOUT | X1Y34  | A2          | 502     |              |        |        |                                    |                                    | Unconnected  |
 | DDR_dq[3]         | INOUT | X1Y35  | A4          | 502     |              |        |        |                                    |                                    | Unconnected  |
 | DDR_dq[4]         | INOUT | X1Y36  | D3          | 502     |              |        |        |                                    |                                    | Unconnected  |
 | DDR_dq[5]         | INOUT | X1Y37  | D1          | 502     |              |        |        |                                    |                                    | Unconnected  |
 | DDR_dq[6]         | INOUT | X1Y38  | C1          | 502     |              |        |        |                                    |                                    | Unconnected  |
 | DDR_dq[7]         | INOUT | X1Y39  | E1          | 502     |              |        |        |                                    |                                    | Unconnected  |
 | DDR_dq[8]         | INOUT | X1Y40  | E2          | 502     |              |        |        |                                    |                                    | Unconnected  |
 | DDR_dq[9]         | INOUT | X1Y41  | E3          | 502     |              |        |        |                                    |                                    | Unconnected  |
 | DDR_dq[10]        | INOUT | X1Y42  | G3          | 502     |              |        |        |                                    |                                    | Unconnected  |
 | DDR_dq[11]        | INOUT | X1Y43  | H3          | 502     |              |        |        |                                    |                                    | Unconnected  |
 | DDR_dq[12]        | INOUT | X1Y44  | J3          | 502     |              |        |        |                                    |                                    | Unconnected  |
 | DDR_dq[13]        | INOUT | X1Y45  | H2          | 502     |              |        |        |                                    |                                    | Unconnected  |
 | DDR_dq[14]        | INOUT | X1Y46  | H1          | 502     |              |        |        |                                    |                                    | Unconnected  |
 | DDR_dq[15]        | INOUT | X1Y47  | J1          | 502     |              |        |        |                                    |                                    | Unconnected  |
 | DDR_dq[16]        | INOUT | X1Y48  | P1          | 502     |              |        |        |                                    |                                    | Unconnected  |
 | DDR_dq[17]        | INOUT | X1Y49  | P3          | 502     |              |        |        |                                    |                                    | Unconnected  |
 | DDR_dq[18]        | INOUT | X1Y50  | R3          | 502     |              |        |        |                                    |                                    | Unconnected  |
 | DDR_dq[19]        | INOUT | X1Y51  | R1          | 502     |              |        |        |                                    |                                    | Unconnected  |
 | DDR_dq[20]        | INOUT | X1Y52  | T4          | 502     |              |        |        |                                    |                                    | Unconnected  |
 | DDR_dq[21]        | INOUT | X1Y53  | U4          | 502     |              |        |        |                                    |                                    | Unconnected  |
 | DDR_dq[22]        | INOUT | X1Y54  | U2          | 502     |              |        |        |                                    |                                    | Unconnected  |
 | DDR_dq[23]        | INOUT | X1Y55  | U3          | 502     |              |        |        |                                    |                                    | Unconnected  |
 | DDR_dq[24]        | INOUT | X1Y56  | V1          | 502     |              |        |        |                                    |                                    | Unconnected  |
 | DDR_dq[25]        | INOUT | X1Y57  | Y3          | 502     |              |        |        |                                    |                                    | Unconnected  |
 | DDR_dq[26]        | INOUT | X1Y58  | W1          | 502     |              |        |        |                                    |                                    | Unconnected  |
 | DDR_dq[27]        | INOUT | X1Y59  | Y4          | 502     |              |        |        |                                    |                                    | Unconnected  |
 | DDR_dq[28]        | INOUT | X1Y60  | Y2          | 502     |              |        |        |                                    |                                    | Unconnected  |
 | DDR_dq[29]        | INOUT | X1Y61  | W3          | 502     |              |        |        |                                    |                                    | Unconnected  |
 | DDR_dq[30]        | INOUT | X1Y62  | V2          | 502     |              |        |        |                                    |                                    | Unconnected  |
 | DDR_dq[31]        | INOUT | X1Y63  | V3          | 502     |              |        |        |                                    |                                    | Unconnected  |
 | DDR_dqs_n[0]      | INOUT | X1Y64  | B2          | 502     |              |        |        |                                    |                                    | Unconnected  |
 | DDR_dqs_n[1]      | INOUT | X1Y65  | F2          | 502     |              |        |        |                                    |                                    | Unconnected  |
 | DDR_dqs_n[2]      | INOUT | X1Y66  | T2          | 502     |              |        |        |                                    |                                    | Unconnected  |
 | DDR_dqs_n[3]      | INOUT | X1Y67  | W4          | 502     |              |        |        |                                    |                                    | Unconnected  |
 | DDR_dqs_p[0]      | INOUT | X1Y68  | C2          | 502     |              |        |        |                                    |                                    | Unconnected  |
 | DDR_dqs_p[1]      | INOUT | X1Y69  | G2          | 502     |              |        |        |                                    |                                    | Unconnected  |
 | DDR_dqs_p[2]      | INOUT | X1Y70  | R2          | 502     |              |        |        |                                    |                                    | Unconnected  |
 | DDR_dqs_p[3]      | INOUT | X1Y71  | W5          | 502     |              |        |        |                                    |                                    | Unconnected  |
 | DDR_odt           | INOUT | X1Y131 | N5          | 502     |              |        |        |                                    |                                    | Unconnected  |
 | DDR_ras_n         | INOUT | X1Y133 | P4          | 502     |              |        |        |                                    |                                    | Unconnected  |
 | DDR_reset_n       | INOUT | X1Y72  | B4          | 502     |              |        |        |                                    |                                    | Unconnected  |
 | DDR_we_n          | INOUT | X1Y1   | M5          | 502     |              |        |        |                                    |                                    | Unconnected  |
 | exp_n_io[0]       | INOUT | X1Y117 | G18         | 35      | X1Y2         |        |        |                                    |                                    | No Input FF  |
 | exp_n_io[1]       | INOUT | X1Y123 | H17         | 35      | X1Y2         |        |        |                                    |                                    | No Input FF  |
 | exp_n_io[2]       | INOUT | X1Y121 | H18         | 35      | X1Y2         |        |        |                                    |                                    | No Input FF  |
 | exp_n_io[3]       | INOUT | X1Y125 | K18         | 35      | X1Y2         |        |        |                                    |                                    | No Input FF  |
 | exp_n_io[4]       | INOUT | X1Y105 | L15         | 35      | X1Y2         |        |        |                                    |                                    | No Input FF  |
 | exp_n_io[5]       | INOUT | X1Y127 | L17         | 35      | X1Y2         |        |        |                                    |                                    | No Input FF  |
 | exp_n_io[6]       | INOUT | X1Y101 | J16         | 35      | X1Y2         |        |        |                                    |                                    | No Input FF  |
 | exp_n_io[7]       | INOUT | X1Y103 | M15         | 35      | X1Y2         |        |        |                                    |                                    | No Input FF  |
 | exp_n_io[8]       | INOUT | X0Y21  | Y8          | 13      | X0Y0         |        |        |                                    |                                    | No Input FF  |
 | exp_n_io[9]       | INOUT | X0Y9   | Y13         | 13      | X0Y0         |        |        |                                    |                                    | No Input FF  |
 | exp_n_io[10]      | INOUT | X0Y23  | Y6          | 13      | X0Y0         |        |        |                                    |                                    | No Input FF  |
 | exp_p_io[0]       | INOUT | X1Y118 | G17         | 35      | X1Y2         |        |        |                                    |                                    | No Input FF  |
 | exp_p_io[1]       | INOUT | X1Y124 | H16         | 35      | X1Y2         |        |        |                                    |                                    | No Input FF  |
 | exp_p_io[2]       | INOUT | X1Y122 | J18         | 35      | X1Y2         |        |        |                                    |                                    | No Input FF  |
 | exp_p_io[3]       | INOUT | X1Y126 | K17         | 35      | X1Y2         |        |        |                                    |                                    | No Input FF  |
 | exp_p_io[4]       | INOUT | X1Y106 | L14         | 35      | X1Y2         |        |        |                                    |                                    | No Input FF  |
 | exp_p_io[5]       | INOUT | X1Y128 | L16         | 35      | X1Y2         |        |        |                                    |                                    | No Input FF  |
 | exp_p_io[6]       | INOUT | X1Y102 | K16         | 35      | X1Y2         |        |        |                                    |                                    | No Input FF  |
 | exp_p_io[7]       | INOUT | X1Y104 | M14         | 35      | X1Y2         |        |        |                                    |                                    | No Input FF  |
 | exp_p_io[8]       | INOUT | X0Y22  | Y9          | 13      | X0Y0         |        |        |                                    |                                    | No Input FF  |
 | exp_p_io[9]       | INOUT | X0Y10  | Y12         | 13      | X0Y0         |        |        |                                    |                                    | No Input FF  |
 | exp_p_io[10]      | INOUT | X0Y24  | Y7          | 13      | X0Y0         |        |        |                                    |                                    | No Input FF  |
 | FIXED_IO_ddr_vrn  | INOUT | X1Y2   | G5          | 502     |              |        |        |                                    |                                    | Unconnected  |
 | FIXED_IO_ddr_vrp  | INOUT | X1Y3   | H5          | 502     |              |        |        |                                    |                                    | Unconnected  |
 | FIXED_IO_mio[0]   | INOUT | X1Y77  | E6          | 500     |              |        |        |                                    |                                    | Unconnected  |
 | FIXED_IO_mio[1]   | INOUT | X1Y78  | A7          | 500     |              |        |        |                                    |                                    | Unconnected  |
 | FIXED_IO_mio[2]   | INOUT | X1Y79  | B8          | 500     |              |        |        |                                    |                                    | Unconnected  |
 | FIXED_IO_mio[3]   | INOUT | X1Y80  | D6          | 500     |              |        |        |                                    |                                    | Unconnected  |
 | FIXED_IO_mio[4]   | INOUT | X1Y81  | B7          | 500     |              |        |        |                                    |                                    | Unconnected  |
 | FIXED_IO_mio[5]   | INOUT | X1Y82  | A6          | 500     |              |        |        |                                    |                                    | Unconnected  |
 | FIXED_IO_mio[6]   | INOUT | X1Y83  | A5          | 500     |              |        |        |                                    |                                    | Unconnected  |
 | FIXED_IO_mio[7]   | INOUT | X1Y84  | D8          | 500     |              |        |        |                                    |                                    | Unconnected  |
 | FIXED_IO_mio[8]   | INOUT | X1Y85  | D5          | 500     |              |        |        |                                    |                                    | Unconnected  |
 | FIXED_IO_mio[9]   | INOUT | X1Y86  | B5          | 500     |              |        |        |                                    |                                    | Unconnected  |
 | FIXED_IO_mio[10]  | INOUT | X1Y87  | E9          | 500     |              |        |        |                                    |                                    | Unconnected  |
 | FIXED_IO_mio[11]  | INOUT | X1Y88  | C6          | 500     |              |        |        |                                    |                                    | Unconnected  |
 | FIXED_IO_mio[12]  | INOUT | X1Y89  | D9          | 500     |              |        |        |                                    |                                    | Unconnected  |
 | FIXED_IO_mio[13]  | INOUT | X1Y90  | E8          | 500     |              |        |        |                                    |                                    | Unconnected  |
 | FIXED_IO_mio[14]  | INOUT | X1Y91  | C5          | 500     |              |        |        |                                    |                                    | Unconnected  |
 | FIXED_IO_mio[15]  | INOUT | X1Y92  | C8          | 500     |              |        |        |                                    |                                    | Unconnected  |
 | FIXED_IO_mio[16]  | INOUT | X1Y93  | A19         | 501     |              |        |        |                                    |                                    | Unconnected  |
 | FIXED_IO_mio[17]  | INOUT | X1Y94  | E14         | 501     |              |        |        |                                    |                                    | Unconnected  |
 | FIXED_IO_mio[18]  | INOUT | X1Y95  | B18         | 501     |              |        |        |                                    |                                    | Unconnected  |
 | FIXED_IO_mio[19]  | INOUT | X1Y96  | D10         | 501     |              |        |        |                                    |                                    | Unconnected  |
 | FIXED_IO_mio[20]  | INOUT | X1Y97  | A17         | 501     |              |        |        |                                    |                                    | Unconnected  |
 | FIXED_IO_mio[21]  | INOUT | X1Y98  | F14         | 501     |              |        |        |                                    |                                    | Unconnected  |
 | FIXED_IO_mio[22]  | INOUT | X1Y99  | B17         | 501     |              |        |        |                                    |                                    | Unconnected  |
 | FIXED_IO_mio[23]  | INOUT | X1Y100 | D11         | 501     |              |        |        |                                    |                                    | Unconnected  |
 | FIXED_IO_mio[24]  | INOUT | X1Y101 | A16         | 501     |              |        |        |                                    |                                    | Unconnected  |
 | FIXED_IO_mio[25]  | INOUT | X1Y102 | F15         | 501     |              |        |        |                                    |                                    | Unconnected  |
 | FIXED_IO_mio[26]  | INOUT | X1Y103 | A15         | 501     |              |        |        |                                    |                                    | Unconnected  |
 | FIXED_IO_mio[27]  | INOUT | X1Y104 | D13         | 501     |              |        |        |                                    |                                    | Unconnected  |
 | FIXED_IO_mio[28]  | INOUT | X1Y105 | C16         | 501     |              |        |        |                                    |                                    | Unconnected  |
 | FIXED_IO_mio[29]  | INOUT | X1Y106 | C13         | 501     |              |        |        |                                    |                                    | Unconnected  |
 | FIXED_IO_mio[30]  | INOUT | X1Y107 | C15         | 501     |              |        |        |                                    |                                    | Unconnected  |
 | FIXED_IO_mio[31]  | INOUT | X1Y108 | E16         | 501     |              |        |        |                                    |                                    | Unconnected  |
 | FIXED_IO_mio[32]  | INOUT | X1Y109 | A14         | 501     |              |        |        |                                    |                                    | Unconnected  |
 | FIXED_IO_mio[33]  | INOUT | X1Y110 | D15         | 501     |              |        |        |                                    |                                    | Unconnected  |
 | FIXED_IO_mio[34]  | INOUT | X1Y111 | A12         | 501     |              |        |        |                                    |                                    | Unconnected  |
 | FIXED_IO_mio[35]  | INOUT | X1Y112 | F12         | 501     |              |        |        |                                    |                                    | Unconnected  |
 | FIXED_IO_mio[36]  | INOUT | X1Y113 | A11         | 501     |              |        |        |                                    |                                    | Unconnected  |
 | FIXED_IO_mio[37]  | INOUT | X1Y114 | A10         | 501     |              |        |        |                                    |                                    | Unconnected  |
 | FIXED_IO_mio[38]  | INOUT | X1Y115 | E13         | 501     |              |        |        |                                    |                                    | Unconnected  |
 | FIXED_IO_mio[39]  | INOUT | X1Y116 | C18         | 501     |              |        |        |                                    |                                    | Unconnected  |
 | FIXED_IO_mio[40]  | INOUT | X1Y117 | D14         | 501     |              |        |        |                                    |                                    | Unconnected  |
 | FIXED_IO_mio[41]  | INOUT | X1Y118 | C17         | 501     |              |        |        |                                    |                                    | Unconnected  |
 | FIXED_IO_mio[42]  | INOUT | X1Y119 | E12         | 501     |              |        |        |                                    |                                    | Unconnected  |
 | FIXED_IO_mio[43]  | INOUT | X1Y120 | A9          | 501     |              |        |        |                                    |                                    | Unconnected  |
 | FIXED_IO_mio[44]  | INOUT | X1Y121 | F13         | 501     |              |        |        |                                    |                                    | Unconnected  |
 | FIXED_IO_mio[45]  | INOUT | X1Y122 | B15         | 501     |              |        |        |                                    |                                    | Unconnected  |
 | FIXED_IO_mio[46]  | INOUT | X1Y123 | D16         | 501     |              |        |        |                                    |                                    | Unconnected  |
 | FIXED_IO_mio[47]  | INOUT | X1Y124 | B14         | 501     |              |        |        |                                    |                                    | Unconnected  |
 | FIXED_IO_mio[48]  | INOUT | X1Y125 | B12         | 501     |              |        |        |                                    |                                    | Unconnected  |
 | FIXED_IO_mio[49]  | INOUT | X1Y126 | C12         | 501     |              |        |        |                                    |                                    | Unconnected  |
 | FIXED_IO_mio[50]  | INOUT | X1Y127 | B13         | 501     |              |        |        |                                    |                                    | Unconnected  |
 | FIXED_IO_mio[51]  | INOUT | X1Y128 | B9          | 501     |              |        |        |                                    |                                    | Unconnected  |
 | FIXED_IO_mio[52]  | INOUT | X1Y129 | C10         | 501     |              |        |        |                                    |                                    | Unconnected  |
 | FIXED_IO_mio[53]  | INOUT | X1Y130 | C11         | 501     |              |        |        |                                    |                                    | Unconnected  |
 | FIXED_IO_ps_clk   | INOUT | X1Y26  | E7          | 500     |              |        |        |                                    |                                    | Unconnected  |
 | FIXED_IO_ps_porb  | INOUT | X1Y132 | C7          | 500     |              |        |        |                                    |                                    | Unconnected  |
 | FIXED_IO_ps_srstb | INOUT | X1Y134 | B10         | 501     |              |        |        |                                    |                                    | Unconnected  |
 | led_o[0]          | INOUT | X1Y138 | F16         | 35      | X1Y2         |        |        |                                    |                                    | No Input FF  |
 | led_o[1]          | INOUT | X1Y137 | F17         | 35      | X1Y2         |        |        |                                    |                                    | No Input FF  |
 | led_o[2]          | INOUT | X1Y111 | G15         | 35      | X1Y2         |        |        |                                    |                                    | No Input FF  |
 | led_o[3]          | INOUT | X1Y112 | H15         | 35      | X1Y2         |        |        |                                    |                                    | No Input FF  |
 | led_o[4]          | INOUT | X1Y110 | K14         | 35      | X1Y2         |        |        |                                    |                                    | No Input FF  |
 | led_o[5]          | INOUT | X1Y149 | G14         | 35      | X1Y2         |        |        |                                    |                                    | No Input FF  |
 | led_o[6]          | INOUT | X1Y100 | J15         | 35      | X1Y2         |        |        |                                    |                                    | No Input FF  |
 | led_o[7]          | INOUT | X1Y109 | J14         | 35      | X1Y2         |        |        |                                    |                                    | No Input FF  |
 | vinn_i[0]         | IN    | X1Y145 | A20         | 35      | X1Y2         |        |        |                                    |                                    | No Input FF  |
 | vinn_i[1]         | IN    | X1Y147 | B20         | 35      | X1Y2         |        |        |                                    |                                    | No Input FF  |
 | vinn_i[2]         | IN    | X1Y143 | D18         | 35      | X1Y2         |        |        |                                    |                                    | No Input FF  |
 | vinn_i[3]         | IN    | X1Y139 | E19         | 35      | X1Y2         |        |        |                                    |                                    | No Input FF  |
 | vinn_i[4]         | IN    | X0Y1   | L10         | 0       |              |        |        |                                    |                                    | Unconnected  |
 | vinp_i[0]         | IN    | X1Y146 | B19         | 35      | X1Y2         |        |        |                                    |                                    | No Input FF  |
 | vinp_i[1]         | IN    | X1Y148 | C20         | 35      | X1Y2         |        |        |                                    |                                    | No Input FF  |
 | vinp_i[2]         | IN    | X1Y144 | E17         | 35      | X1Y2         |        |        |                                    |                                    | No Input FF  |
 | vinp_i[3]         | IN    | X1Y140 | E18         | 35      | X1Y2         |        |        |                                    |                                    | No Input FF  |
 | vinp_i[4]         | IN    | X0Y0   | K9          | 0       |              |        |        |                                    |                                    | Unconnected  |
 +-------------------+-------+--------+-------------+---------+--------------+--------+--------+------------------------------------+------------------------------------+--------------+

 # Ports with no Input FF: 71
 # Ports with no Output FF: 3
 # Unconnected Ports: 132
