Copyright 1986-2021 Xilinx, Inc. All Rights Reserved.
--------------------------------------------------------------------------------------------------------------------------------------------------------------------------------
| Tool Version : Vivado v.2021.2 (lin64) Build 3367213 Tue Oct 19 02:47:39 MDT 2021
| Date         : Wed May 13 10:36:19 2026
| Host         : LoloVictus running 64-bit Ubuntu 20.04.3 LTS
| Command      : report_methodology -file red_pitaya_top_methodology_drc_routed.rpt -pb red_pitaya_top_methodology_drc_routed.pb -rpx red_pitaya_top_methodology_drc_routed.rpx
| Design       : red_pitaya_top
| Device       : xc7z010clg400-1
| Speed File   : -1
| Design State : Fully Routed
--------------------------------------------------------------------------------------------------------------------------------------------------------------------------------

Report Methodology

Table of Contents
-----------------
1. REPORT SUMMARY
2. REPORT DETAILS

1. REPORT SUMMARY
-----------------
            Netlist: netlist
          Floorplan: design_1
      Design limits: <entire design considered>
             Max violations: <unlimited>
             Violations found: 179
+-----------+------------------+-------------------------------------------------------------------+------------+
| Rule      | Severity         | Description                                                       | Violations |
+-----------+------------------+-------------------------------------------------------------------+------------+
| TIMING-6  | Critical Warning | No common primary clock between related clocks                    | 1          |
| TIMING-7  | Critical Warning | No common node between related clocks                             | 1          |
| TIMING-8  | Critical Warning | No common period between related clocks                           | 1          |
| TIMING-17 | Critical Warning | Non-clocked sequential cell                                       | 1          |
| CKBF-1    | Warning          | connects_I_driver_BUFR                                            | 1          |
| SYNTH-6   | Warning          | Timing of a RAM block might be sub-optimal                        | 16         |
| SYNTH-11  | Warning          | DSP output not registered                                         | 8          |
| TIMING-9  | Warning          | Unknown CDC Logic                                                 | 1          |
| TIMING-10 | Warning          | Missing property on synchronizer                                  | 1          |
| TIMING-16 | Warning          | Large setup violation                                             | 32         |
| TIMING-18 | Warning          | Missing input or output delay                                     | 47         |
| TIMING-20 | Warning          | Non-clocked latch                                                 | 17         |
| TIMING-24 | Warning          | Overridden Max delay datapath only                                | 4          |
| TIMING-28 | Warning          | Auto-derived clock referenced by a timing constraint              | 8          |
| TIMING-47 | Warning          | False path or asynchronous clock group between synchronous clocks | 2          |
| ULMTCS-1  | Warning          | Control Sets use limits recommend reduction                       | 1          |
| XDCC-5    | Warning          | User Non-Timing constraint/property overwritten                   | 4          |
| XDCH-2    | Warning          | Same min and max delay values on IO port                          | 32         |
| REQP-1959 | Advisory         | connects_SERDES_RST_driver_not_FF                                 | 1          |
+-----------+------------------+-------------------------------------------------------------------+------------+

2. REPORT DETAILS
-----------------
TIMING-6#1 Critical Warning
No common primary clock between related clocks  
The clocks pll_adc_clk and clk_fpga_0 are related (timed together) but they have no common primary clock. The design could fail in hardware. To find a timing path between these clocks, run the following command: report_timing -from [get_clocks pll_adc_clk] -to [get_clocks clk_fpga_0]
Related violations: <none>

TIMING-7#1 Critical Warning
No common node between related clocks  
The clocks pll_adc_clk and clk_fpga_0 are related (timed together) but they have no common node. The design could fail in hardware. To find a timing path between these clocks, run the following command: report_timing -from [get_clocks pll_adc_clk] -to [get_clocks clk_fpga_0]
Related violations: <none>

TIMING-8#1 Critical Warning
No common period between related clocks  
The clocks pll_adc_clk and clk_fpga_0 are found related (timed together) but have no common (expandable) period
Related violations: <none>

TIMING-17#1 Critical Warning
Non-clocked sequential cell  
The clock pin i_hk/i_DNA/CLK is not reached by a timing clock
Related violations: <none>

CKBF-1#1 Warning
connects_I_driver_BUFR  
The BUFG cell i_daisy/i_rx/i_parclk_buf I pin is driven by a BUFR cell i_daisy/i_rx/i_BUFR_clk. For 7-Series devices, this is not a recommended clock topology. Please analyze your clock network and remove the BUFR to BUFG cascade.
Related violations: <none>

SYNTH-6#1 Warning
Timing of a RAM block might be sub-optimal  
The timing for the instance i_asg/chA/dac_buf_reg_0, implemented as a RAM block, might be sub-optimal as no output register was merged into the block.
Related violations: <none>

SYNTH-6#2 Warning
Timing of a RAM block might be sub-optimal  
The timing for the instance i_asg/chA/dac_buf_reg_1, implemented as a RAM block, might be sub-optimal as no output register was merged into the block.
Related violations: <none>

SYNTH-6#3 Warning
Timing of a RAM block might be sub-optimal  
The timing for the instance i_asg/chA/dac_buf_reg_5, implemented as a RAM block, might be sub-optimal as no output register was merged into the block.
Related violations: <none>

SYNTH-6#4 Warning
Timing of a RAM block might be sub-optimal  
The timing for the instance i_asg/chB/dac_buf_reg_0, implemented as a RAM block, might be sub-optimal as no output register was merged into the block.
Related violations: <none>

SYNTH-6#5 Warning
Timing of a RAM block might be sub-optimal  
The timing for the instance i_asg/chB/dac_buf_reg_1, implemented as a RAM block, might be sub-optimal as no output register was merged into the block.
Related violations: <none>

SYNTH-6#6 Warning
Timing of a RAM block might be sub-optimal  
The timing for the instance i_asg/chB/dac_buf_reg_2, implemented as a RAM block, might be sub-optimal as no output register was merged into the block.
Related violations: <none>

SYNTH-6#7 Warning
Timing of a RAM block might be sub-optimal  
The timing for the instance i_asg/chB/dac_buf_reg_3, implemented as a RAM block, might be sub-optimal as no output register was merged into the block.
Related violations: <none>

SYNTH-6#8 Warning
Timing of a RAM block might be sub-optimal  
The timing for the instance i_asg/chB/dac_buf_reg_4, implemented as a RAM block, might be sub-optimal as no output register was merged into the block.
Related violations: <none>

SYNTH-6#9 Warning
Timing of a RAM block might be sub-optimal  
The timing for the instance i_asg/chB/dac_buf_reg_5, implemented as a RAM block, might be sub-optimal as no output register was merged into the block.
Related violations: <none>

SYNTH-6#10 Warning
Timing of a RAM block might be sub-optimal  
The timing for the instance i_asg/chB/dac_buf_reg_6, implemented as a RAM block, might be sub-optimal as no output register was merged into the block.
Related violations: <none>

SYNTH-6#11 Warning
Timing of a RAM block might be sub-optimal  
The timing for the instance i_scope/genblk1[0].i_acq_bram/adc_buf_reg_1, implemented as a RAM block, might be sub-optimal as no output register was merged into the block.
Related violations: <none>

SYNTH-6#12 Warning
Timing of a RAM block might be sub-optimal  
The timing for the instance i_scope/genblk1[0].i_acq_bram/adc_buf_reg_2, implemented as a RAM block, might be sub-optimal as no output register was merged into the block.
Related violations: <none>

SYNTH-6#13 Warning
Timing of a RAM block might be sub-optimal  
The timing for the instance i_scope/genblk1[0].i_axi_sm/i_wr0/fifo_reg_0, implemented as a RAM block, might be sub-optimal as no output register was merged into the block.
Related violations: <none>

SYNTH-6#14 Warning
Timing of a RAM block might be sub-optimal  
The timing for the instance i_scope/genblk1[1].i_acq_bram/adc_buf_reg_1, implemented as a RAM block, might be sub-optimal as no output register was merged into the block.
Related violations: <none>

SYNTH-6#15 Warning
Timing of a RAM block might be sub-optimal  
The timing for the instance i_scope/genblk1[1].i_acq_bram/adc_buf_reg_2, implemented as a RAM block, might be sub-optimal as no output register was merged into the block.
Related violations: <none>

SYNTH-6#16 Warning
Timing of a RAM block might be sub-optimal  
The timing for the instance i_scope/genblk1[1].i_axi_sm/i_wr0/fifo_reg_0, implemented as a RAM block, might be sub-optimal as no output register was merged into the block.
Related violations: <none>

SYNTH-11#1 Warning
DSP output not registered  
DSP instance i_scope/genblk1[0].i_calib_ch/gain_calc_r1 is not fully pipelined on the output side. MREG/PREG are not used.
Related violations: <none>

SYNTH-11#2 Warning
DSP output not registered  
DSP instance i_scope/genblk1[0].i_dfilt1_ch/pp_mult is not fully pipelined on the output side. MREG/PREG are not used.
Related violations: <none>

SYNTH-11#3 Warning
DSP output not registered  
DSP instance i_scope/genblk1[0].i_dfilt1_ch/r3_sum is not fully pipelined on the output side. MREG/PREG are not used.
Related violations: <none>

SYNTH-11#4 Warning
DSP output not registered  
DSP instance i_scope/genblk1[0].i_dfilt1_ch/r3_sum__0 is not fully pipelined on the output side. MREG/PREG are not used.
Related violations: <none>

SYNTH-11#5 Warning
DSP output not registered  
DSP instance i_scope/genblk1[1].i_calib_ch/gain_calc_r1 is not fully pipelined on the output side. MREG/PREG are not used.
Related violations: <none>

SYNTH-11#6 Warning
DSP output not registered  
DSP instance i_scope/genblk1[1].i_dfilt1_ch/pp_mult is not fully pipelined on the output side. MREG/PREG are not used.
Related violations: <none>

SYNTH-11#7 Warning
DSP output not registered  
DSP instance i_scope/genblk1[1].i_dfilt1_ch/r3_sum is not fully pipelined on the output side. MREG/PREG are not used.
Related violations: <none>

SYNTH-11#8 Warning
DSP output not registered  
DSP instance i_scope/genblk1[1].i_dfilt1_ch/r3_sum__0 is not fully pipelined on the output side. MREG/PREG are not used.
Related violations: <none>

TIMING-9#1 Warning
Unknown CDC Logic  
One or more asynchronous Clock Domain Crossing has been detected between 2 clock domains through a set_false_path or a set_clock_groups or set_max_delay -datapath_only constraint but no double-registers logic synchronizer has been found on the side of the capture clock. It is recommended to run report_cdc for a complete and detailed CDC coverage. Please consider using XPM_CDC to avoid Critical severities
Related violations: <none>

TIMING-10#1 Warning
Missing property on synchronizer  
One or more logic synchronizer has been detected between 2 clock domains but the synchronizer does not have the property ASYNC_REG defined on one or both registers. It is recommended to run report_cdc for a complete and detailed CDC coverage
Related violations: <none>

TIMING-16#1 Warning
Large setup violation  
There is a large setup violation of -4.817 ns between i_daisy/sys_rdata_o_reg[12]/C (clocked by pll_adc_clk) and ps/axi_slave_gp0/axi\\.RDATA_reg[12]/D (clocked by clk_fpga_0). Large setup violations at the end of those stages might be difficult to fix during the post-placement implementation flow and could be the result of non-optimal XDC constraints or non-optimal design architecture
Related violations: <none>

TIMING-16#2 Warning
Large setup violation  
There is a large setup violation of -4.827 ns between i_asg/sys_rdata_reg[25]/C (clocked by pll_adc_clk) and ps/axi_slave_gp0/axi\\.RDATA_reg[25]/D (clocked by clk_fpga_0). Large setup violations at the end of those stages might be difficult to fix during the post-placement implementation flow and could be the result of non-optimal XDC constraints or non-optimal design architecture
Related violations: <none>

TIMING-16#3 Warning
Large setup violation  
There is a large setup violation of -4.881 ns between i_hk/sys_rdata_reg[17]/C (clocked by pll_adc_clk) and ps/axi_slave_gp0/axi\\.RDATA_reg[17]/D (clocked by clk_fpga_0). Large setup violations at the end of those stages might be difficult to fix during the post-placement implementation flow and could be the result of non-optimal XDC constraints or non-optimal design architecture
Related violations: <none>

TIMING-16#4 Warning
Large setup violation  
There is a large setup violation of -4.885 ns between i_asg/sys_rdata_reg[8]/C (clocked by pll_adc_clk) and ps/axi_slave_gp0/axi\\.RDATA_reg[8]/D (clocked by clk_fpga_0). Large setup violations at the end of those stages might be difficult to fix during the post-placement implementation flow and could be the result of non-optimal XDC constraints or non-optimal design architecture
Related violations: <none>

TIMING-16#5 Warning
Large setup violation  
There is a large setup violation of -4.892 ns between i_hk/sys_rdata_reg[19]/C (clocked by pll_adc_clk) and ps/axi_slave_gp0/axi\\.RDATA_reg[19]/D (clocked by clk_fpga_0). Large setup violations at the end of those stages might be difficult to fix during the post-placement implementation flow and could be the result of non-optimal XDC constraints or non-optimal design architecture
Related violations: <none>

TIMING-16#6 Warning
Large setup violation  
There is a large setup violation of -4.901 ns between i_scope/i_cfg/sys_rdata_reg[0]/C (clocked by pll_adc_clk) and ps/axi_slave_gp0/axi\\.RDATA_reg[0]/D (clocked by clk_fpga_0). Large setup violations at the end of those stages might be difficult to fix during the post-placement implementation flow and could be the result of non-optimal XDC constraints or non-optimal design architecture
Related violations: <none>

TIMING-16#7 Warning
Large setup violation  
There is a large setup violation of -4.916 ns between i_pid/sys_rdata_reg[4]/C (clocked by pll_adc_clk) and ps/axi_slave_gp0/axi\\.RDATA_reg[4]/D (clocked by clk_fpga_0). Large setup violations at the end of those stages might be difficult to fix during the post-placement implementation flow and could be the result of non-optimal XDC constraints or non-optimal design architecture
Related violations: <none>

TIMING-16#8 Warning
Large setup violation  
There is a large setup violation of -4.918 ns between i_daisy/sys_rdata_o_reg[9]/C (clocked by pll_adc_clk) and ps/axi_slave_gp0/axi\\.RDATA_reg[9]/D (clocked by clk_fpga_0). Large setup violations at the end of those stages might be difficult to fix during the post-placement implementation flow and could be the result of non-optimal XDC constraints or non-optimal design architecture
Related violations: <none>

TIMING-16#9 Warning
Large setup violation  
There is a large setup violation of -4.942 ns between i_scope/i_cfg/sys_rdata_reg[2]/C (clocked by pll_adc_clk) and ps/axi_slave_gp0/axi\\.RDATA_reg[2]/D (clocked by clk_fpga_0). Large setup violations at the end of those stages might be difficult to fix during the post-placement implementation flow and could be the result of non-optimal XDC constraints or non-optimal design architecture
Related violations: <none>

TIMING-16#10 Warning
Large setup violation  
There is a large setup violation of -4.945 ns between i_daisy/sys_rdata_o_reg[1]/C (clocked by pll_adc_clk) and ps/axi_slave_gp0/axi\\.RDATA_reg[1]/D (clocked by clk_fpga_0). Large setup violations at the end of those stages might be difficult to fix during the post-placement implementation flow and could be the result of non-optimal XDC constraints or non-optimal design architecture
Related violations: <none>

TIMING-16#11 Warning
Large setup violation  
There is a large setup violation of -4.956 ns between i_asg/sys_rdata_reg[6]/C (clocked by pll_adc_clk) and ps/axi_slave_gp0/axi\\.RDATA_reg[6]/D (clocked by clk_fpga_0). Large setup violations at the end of those stages might be difficult to fix during the post-placement implementation flow and could be the result of non-optimal XDC constraints or non-optimal design architecture
Related violations: <none>

TIMING-16#12 Warning
Large setup violation  
There is a large setup violation of -4.971 ns between i_scope/i_cfg/sys_rdata_reg[30]/C (clocked by pll_adc_clk) and ps/axi_slave_gp0/axi\\.RDATA_reg[30]/D (clocked by clk_fpga_0). Large setup violations at the end of those stages might be difficult to fix during the post-placement implementation flow and could be the result of non-optimal XDC constraints or non-optimal design architecture
Related violations: <none>

TIMING-16#13 Warning
Large setup violation  
There is a large setup violation of -4.973 ns between i_scope/i_cfg/sys_rdata_reg[14]/C (clocked by pll_adc_clk) and ps/axi_slave_gp0/axi\\.RDATA_reg[14]/D (clocked by clk_fpga_0). Large setup violations at the end of those stages might be difficult to fix during the post-placement implementation flow and could be the result of non-optimal XDC constraints or non-optimal design architecture
Related violations: <none>

TIMING-16#14 Warning
Large setup violation  
There is a large setup violation of -4.996 ns between i_scope/i_cfg/sys_rdata_reg[18]/C (clocked by pll_adc_clk) and ps/axi_slave_gp0/axi\\.RDATA_reg[18]/D (clocked by clk_fpga_0). Large setup violations at the end of those stages might be difficult to fix during the post-placement implementation flow and could be the result of non-optimal XDC constraints or non-optimal design architecture
Related violations: <none>

TIMING-16#15 Warning
Large setup violation  
There is a large setup violation of -5.018 ns between i_scope/i_cfg/sys_rdata_reg[31]/C (clocked by pll_adc_clk) and ps/axi_slave_gp0/axi\\.RDATA_reg[31]/D (clocked by clk_fpga_0). Large setup violations at the end of those stages might be difficult to fix during the post-placement implementation flow and could be the result of non-optimal XDC constraints or non-optimal design architecture
Related violations: <none>

TIMING-16#16 Warning
Large setup violation  
There is a large setup violation of -5.020 ns between i_asg/sys_rdata_reg[26]/C (clocked by pll_adc_clk) and ps/axi_slave_gp0/axi\\.RDATA_reg[26]/D (clocked by clk_fpga_0). Large setup violations at the end of those stages might be difficult to fix during the post-placement implementation flow and could be the result of non-optimal XDC constraints or non-optimal design architecture
Related violations: <none>

TIMING-16#17 Warning
Large setup violation  
There is a large setup violation of -5.023 ns between i_asg/sys_rdata_reg[29]/C (clocked by pll_adc_clk) and ps/axi_slave_gp0/axi\\.RDATA_reg[29]/D (clocked by clk_fpga_0). Large setup violations at the end of those stages might be difficult to fix during the post-placement implementation flow and could be the result of non-optimal XDC constraints or non-optimal design architecture
Related violations: <none>

TIMING-16#18 Warning
Large setup violation  
There is a large setup violation of -5.023 ns between i_scope/i_cfg/sys_rdata_reg[16]/C (clocked by pll_adc_clk) and ps/axi_slave_gp0/axi\\.RDATA_reg[16]/D (clocked by clk_fpga_0). Large setup violations at the end of those stages might be difficult to fix during the post-placement implementation flow and could be the result of non-optimal XDC constraints or non-optimal design architecture
Related violations: <none>

TIMING-16#19 Warning
Large setup violation  
There is a large setup violation of -5.024 ns between i_daisy/sys_rdata_o_reg[13]/C (clocked by pll_adc_clk) and ps/axi_slave_gp0/axi\\.RDATA_reg[13]/D (clocked by clk_fpga_0). Large setup violations at the end of those stages might be difficult to fix during the post-placement implementation flow and could be the result of non-optimal XDC constraints or non-optimal design architecture
Related violations: <none>

TIMING-16#20 Warning
Large setup violation  
There is a large setup violation of -5.028 ns between i_hk/sys_rdata_reg[5]/C (clocked by pll_adc_clk) and ps/axi_slave_gp0/axi\\.RDATA_reg[5]/D (clocked by clk_fpga_0). Large setup violations at the end of those stages might be difficult to fix during the post-placement implementation flow and could be the result of non-optimal XDC constraints or non-optimal design architecture
Related violations: <none>

TIMING-16#21 Warning
Large setup violation  
There is a large setup violation of -5.031 ns between i_daisy/sys_rdata_o_reg[21]/C (clocked by pll_adc_clk) and ps/axi_slave_gp0/axi\\.RDATA_reg[21]/D (clocked by clk_fpga_0). Large setup violations at the end of those stages might be difficult to fix during the post-placement implementation flow and could be the result of non-optimal XDC constraints or non-optimal design architecture
Related violations: <none>

TIMING-16#22 Warning
Large setup violation  
There is a large setup violation of -5.041 ns between i_asg/sys_rdata_reg[20]/C (clocked by pll_adc_clk) and ps/axi_slave_gp0/axi\\.RDATA_reg[20]/D (clocked by clk_fpga_0). Large setup violations at the end of those stages might be difficult to fix during the post-placement implementation flow and could be the result of non-optimal XDC constraints or non-optimal design architecture
Related violations: <none>

TIMING-16#23 Warning
Large setup violation  
There is a large setup violation of -5.046 ns between i_scope/i_cfg/sys_rdata_reg[27]/C (clocked by pll_adc_clk) and ps/axi_slave_gp0/axi\\.RDATA_reg[27]/D (clocked by clk_fpga_0). Large setup violations at the end of those stages might be difficult to fix during the post-placement implementation flow and could be the result of non-optimal XDC constraints or non-optimal design architecture
Related violations: <none>

TIMING-16#24 Warning
Large setup violation  
There is a large setup violation of -5.055 ns between i_daisy/sys_rdata_o_reg[10]/C (clocked by pll_adc_clk) and ps/axi_slave_gp0/axi\\.RDATA_reg[10]/D (clocked by clk_fpga_0). Large setup violations at the end of those stages might be difficult to fix during the post-placement implementation flow and could be the result of non-optimal XDC constraints or non-optimal design architecture
Related violations: <none>

TIMING-16#25 Warning
Large setup violation  
There is a large setup violation of -5.057 ns between i_daisy/sys_rdata_o_reg[11]/C (clocked by pll_adc_clk) and ps/axi_slave_gp0/axi\\.RDATA_reg[11]/D (clocked by clk_fpga_0). Large setup violations at the end of those stages might be difficult to fix during the post-placement implementation flow and could be the result of non-optimal XDC constraints or non-optimal design architecture
Related violations: <none>

TIMING-16#26 Warning
Large setup violation  
There is a large setup violation of -5.059 ns between i_daisy/sys_rdata_o_reg[7]/C (clocked by pll_adc_clk) and ps/axi_slave_gp0/axi\\.RDATA_reg[7]/D (clocked by clk_fpga_0). Large setup violations at the end of those stages might be difficult to fix during the post-placement implementation flow and could be the result of non-optimal XDC constraints or non-optimal design architecture
Related violations: <none>

TIMING-16#27 Warning
Large setup violation  
There is a large setup violation of -5.079 ns between i_ams/sys_rdata_reg[23]/C (clocked by pll_adc_clk) and ps/axi_slave_gp0/axi\\.RDATA_reg[23]/D (clocked by clk_fpga_0). Large setup violations at the end of those stages might be difficult to fix during the post-placement implementation flow and could be the result of non-optimal XDC constraints or non-optimal design architecture
Related violations: <none>

TIMING-16#28 Warning
Large setup violation  
There is a large setup violation of -5.082 ns between i_asg/sys_rdata_reg[24]/C (clocked by pll_adc_clk) and ps/axi_slave_gp0/axi\\.RDATA_reg[24]/D (clocked by clk_fpga_0). Large setup violations at the end of those stages might be difficult to fix during the post-placement implementation flow and could be the result of non-optimal XDC constraints or non-optimal design architecture
Related violations: <none>

TIMING-16#29 Warning
Large setup violation  
There is a large setup violation of -5.089 ns between i_hk/sys_rdata_reg[28]/C (clocked by pll_adc_clk) and ps/axi_slave_gp0/axi\\.RDATA_reg[28]/D (clocked by clk_fpga_0). Large setup violations at the end of those stages might be difficult to fix during the post-placement implementation flow and could be the result of non-optimal XDC constraints or non-optimal design architecture
Related violations: <none>

TIMING-16#30 Warning
Large setup violation  
There is a large setup violation of -5.114 ns between i_scope/i_cfg/sys_rdata_reg[15]/C (clocked by pll_adc_clk) and ps/axi_slave_gp0/axi\\.RDATA_reg[15]/D (clocked by clk_fpga_0). Large setup violations at the end of those stages might be difficult to fix during the post-placement implementation flow and could be the result of non-optimal XDC constraints or non-optimal design architecture
Related violations: <none>

TIMING-16#31 Warning
Large setup violation  
There is a large setup violation of -5.132 ns between i_daisy/sys_rdata_o_reg[3]/C (clocked by pll_adc_clk) and ps/axi_slave_gp0/axi\\.RDATA_reg[3]/D (clocked by clk_fpga_0). Large setup violations at the end of those stages might be difficult to fix during the post-placement implementation flow and could be the result of non-optimal XDC constraints or non-optimal design architecture
Related violations: <none>

TIMING-16#32 Warning
Large setup violation  
There is a large setup violation of -5.145 ns between i_hk/sys_rdata_reg[22]/C (clocked by pll_adc_clk) and ps/axi_slave_gp0/axi\\.RDATA_reg[22]/D (clocked by clk_fpga_0). Large setup violations at the end of those stages might be difficult to fix during the post-placement implementation flow and could be the result of non-optimal XDC constraints or non-optimal design architecture
Related violations: <none>

TIMING-18#1 Warning
Missing input or output delay  
An input delay is missing on daisy_n_i[0] relative to clock(s) rx_clk
Related violations: <none>

TIMING-18#2 Warning
Missing input or output delay  
An input delay is missing on daisy_n_i[1] relative to clock(s) rx_clk
Related violations: <none>

TIMING-18#3 Warning
Missing input or output delay  
An input delay is missing on daisy_p_i[0] relative to clock(s) rx_clk
Related violations: <none>

TIMING-18#4 Warning
Missing input or output delay  
An input delay is missing on exp_n_io[0] relative to clock(s) adc_clk
Related violations: <none>

TIMING-18#5 Warning
Missing input or output delay  
An input delay is missing on exp_n_io[1] relative to clock(s) adc_clk
Related violations: <none>

TIMING-18#6 Warning
Missing input or output delay  
An input delay is missing on exp_n_io[2] relative to clock(s) adc_clk
Related violations: <none>

TIMING-18#7 Warning
Missing input or output delay  
An input delay is missing on exp_n_io[3] relative to clock(s) adc_clk
Related violations: <none>

TIMING-18#8 Warning
Missing input or output delay  
An input delay is missing on exp_n_io[4] relative to clock(s) adc_clk
Related violations: <none>

TIMING-18#9 Warning
Missing input or output delay  
An input delay is missing on exp_n_io[5] relative to clock(s) adc_clk
Related violations: <none>

TIMING-18#10 Warning
Missing input or output delay  
An input delay is missing on exp_n_io[6] relative to clock(s) adc_clk
Related violations: <none>

TIMING-18#11 Warning
Missing input or output delay  
An input delay is missing on exp_n_io[7] relative to clock(s) adc_clk
Related violations: <none>

TIMING-18#12 Warning
Missing input or output delay  
An input delay is missing on exp_p_io[0] relative to clock(s) adc_clk
Related violations: <none>

TIMING-18#13 Warning
Missing input or output delay  
An input delay is missing on exp_p_io[1] relative to clock(s) adc_clk
Related violations: <none>

TIMING-18#14 Warning
Missing input or output delay  
An input delay is missing on exp_p_io[2] relative to clock(s) adc_clk
Related violations: <none>

TIMING-18#15 Warning
Missing input or output delay  
An input delay is missing on exp_p_io[3] relative to clock(s) adc_clk
Related violations: <none>

TIMING-18#16 Warning
Missing input or output delay  
An input delay is missing on exp_p_io[4] relative to clock(s) adc_clk
Related violations: <none>

TIMING-18#17 Warning
Missing input or output delay  
An input delay is missing on exp_p_io[5] relative to clock(s) adc_clk
Related violations: <none>

TIMING-18#18 Warning
Missing input or output delay  
An input delay is missing on exp_p_io[6] relative to clock(s) adc_clk
Related violations: <none>

TIMING-18#19 Warning
Missing input or output delay  
An input delay is missing on exp_p_io[7] relative to clock(s) adc_clk
Related violations: <none>

TIMING-18#20 Warning
Missing input or output delay  
An output delay is missing on dac_dat_o[0] relative to clock(s) adc_clk
Related violations: <none>

TIMING-18#21 Warning
Missing input or output delay  
An output delay is missing on dac_dat_o[10] relative to clock(s) adc_clk
Related violations: <none>

TIMING-18#22 Warning
Missing input or output delay  
An output delay is missing on dac_dat_o[11] relative to clock(s) adc_clk
Related violations: <none>

TIMING-18#23 Warning
Missing input or output delay  
An output delay is missing on dac_dat_o[12] relative to clock(s) adc_clk
Related violations: <none>

TIMING-18#24 Warning
Missing input or output delay  
An output delay is missing on dac_dat_o[13] relative to clock(s) adc_clk
Related violations: <none>

TIMING-18#25 Warning
Missing input or output delay  
An output delay is missing on dac_dat_o[1] relative to clock(s) adc_clk
Related violations: <none>

TIMING-18#26 Warning
Missing input or output delay  
An output delay is missing on dac_dat_o[2] relative to clock(s) adc_clk
Related violations: <none>

TIMING-18#27 Warning
Missing input or output delay  
An output delay is missing on dac_dat_o[3] relative to clock(s) adc_clk
Related violations: <none>

TIMING-18#28 Warning
Missing input or output delay  
An output delay is missing on dac_dat_o[4] relative to clock(s) adc_clk
Related violations: <none>

TIMING-18#29 Warning
Missing input or output delay  
An output delay is missing on dac_dat_o[5] relative to clock(s) adc_clk
Related violations: <none>

TIMING-18#30 Warning
Missing input or output delay  
An output delay is missing on dac_dat_o[6] relative to clock(s) adc_clk
Related violations: <none>

TIMING-18#31 Warning
Missing input or output delay  
An output delay is missing on dac_dat_o[7] relative to clock(s) adc_clk
Related violations: <none>

TIMING-18#32 Warning
Missing input or output delay  
An output delay is missing on dac_dat_o[8] relative to clock(s) adc_clk
Related violations: <none>

TIMING-18#33 Warning
Missing input or output delay  
An output delay is missing on dac_dat_o[9] relative to clock(s) adc_clk
Related violations: <none>

TIMING-18#34 Warning
Missing input or output delay  
An output delay is missing on dac_pwm_o[0] relative to clock(s) adc_clk
Related violations: <none>

TIMING-18#35 Warning
Missing input or output delay  
An output delay is missing on dac_pwm_o[1] relative to clock(s) adc_clk
Related violations: <none>

TIMING-18#36 Warning
Missing input or output delay  
An output delay is missing on dac_pwm_o[2] relative to clock(s) adc_clk
Related violations: <none>

TIMING-18#37 Warning
Missing input or output delay  
An output delay is missing on dac_pwm_o[3] relative to clock(s) adc_clk
Related violations: <none>

TIMING-18#38 Warning
Missing input or output delay  
An output delay is missing on dac_rst_o relative to clock(s) adc_clk
Related violations: <none>

TIMING-18#39 Warning
Missing input or output delay  
An output delay is missing on dac_sel_o relative to clock(s) adc_clk
Related violations: <none>

TIMING-18#40 Warning
Missing input or output delay  
An output delay is missing on led_o[0] relative to clock(s) adc_clk
Related violations: <none>

TIMING-18#41 Warning
Missing input or output delay  
An output delay is missing on led_o[1] relative to clock(s) adc_clk
Related violations: <none>

TIMING-18#42 Warning
Missing input or output delay  
An output delay is missing on led_o[2] relative to clock(s) adc_clk
Related violations: <none>

TIMING-18#43 Warning
Missing input or output delay  
An output delay is missing on led_o[3] relative to clock(s) adc_clk
Related violations: <none>

TIMING-18#44 Warning
Missing input or output delay  
An output delay is missing on led_o[4] relative to clock(s) adc_clk
Related violations: <none>

TIMING-18#45 Warning
Missing input or output delay  
An output delay is missing on led_o[5] relative to clock(s) adc_clk
Related violations: <none>

TIMING-18#46 Warning
Missing input or output delay  
An output delay is missing on led_o[6] relative to clock(s) adc_clk
Related violations: <none>

TIMING-18#47 Warning
Missing input or output delay  
An output delay is missing on led_o[7] relative to clock(s) adc_clk
Related violations: <none>

TIMING-20#1 Warning
Non-clocked latch  
The latch i_daisy/genblk4[0].txp_dat_reg[0] cannot be properly analyzed as its control pin i_daisy/genblk4[0].txp_dat_reg[0]/G is not reached by a timing clock
Related violations: <none>

TIMING-20#2 Warning
Non-clocked latch  
The latch i_daisy/genblk4[0].txp_dat_reg[10] cannot be properly analyzed as its control pin i_daisy/genblk4[0].txp_dat_reg[10]/G is not reached by a timing clock
Related violations: <none>

TIMING-20#3 Warning
Non-clocked latch  
The latch i_daisy/genblk4[0].txp_dat_reg[11] cannot be properly analyzed as its control pin i_daisy/genblk4[0].txp_dat_reg[11]/G is not reached by a timing clock
Related violations: <none>

TIMING-20#4 Warning
Non-clocked latch  
The latch i_daisy/genblk4[0].txp_dat_reg[12] cannot be properly analyzed as its control pin i_daisy/genblk4[0].txp_dat_reg[12]/G is not reached by a timing clock
Related violations: <none>

TIMING-20#5 Warning
Non-clocked latch  
The latch i_daisy/genblk4[0].txp_dat_reg[13] cannot be properly analyzed as its control pin i_daisy/genblk4[0].txp_dat_reg[13]/G is not reached by a timing clock
Related violations: <none>

TIMING-20#6 Warning
Non-clocked latch  
The latch i_daisy/genblk4[0].txp_dat_reg[14] cannot be properly analyzed as its control pin i_daisy/genblk4[0].txp_dat_reg[14]/G is not reached by a timing clock
Related violations: <none>

TIMING-20#7 Warning
Non-clocked latch  
The latch i_daisy/genblk4[0].txp_dat_reg[15] cannot be properly analyzed as its control pin i_daisy/genblk4[0].txp_dat_reg[15]/G is not reached by a timing clock
Related violations: <none>

TIMING-20#8 Warning
Non-clocked latch  
The latch i_daisy/genblk4[0].txp_dat_reg[1] cannot be properly analyzed as its control pin i_daisy/genblk4[0].txp_dat_reg[1]/G is not reached by a timing clock
Related violations: <none>

TIMING-20#9 Warning
Non-clocked latch  
The latch i_daisy/genblk4[0].txp_dat_reg[2] cannot be properly analyzed as its control pin i_daisy/genblk4[0].txp_dat_reg[2]/G is not reached by a timing clock
Related violations: <none>

TIMING-20#10 Warning
Non-clocked latch  
The latch i_daisy/genblk4[0].txp_dat_reg[3] cannot be properly analyzed as its control pin i_daisy/genblk4[0].txp_dat_reg[3]/G is not reached by a timing clock
Related violations: <none>

TIMING-20#11 Warning
Non-clocked latch  
The latch i_daisy/genblk4[0].txp_dat_reg[4] cannot be properly analyzed as its control pin i_daisy/genblk4[0].txp_dat_reg[4]/G is not reached by a timing clock
Related violations: <none>

TIMING-20#12 Warning
Non-clocked latch  
The latch i_daisy/genblk4[0].txp_dat_reg[5] cannot be properly analyzed as its control pin i_daisy/genblk4[0].txp_dat_reg[5]/G is not reached by a timing clock
Related violations: <none>

TIMING-20#13 Warning
Non-clocked latch  
The latch i_daisy/genblk4[0].txp_dat_reg[6] cannot be properly analyzed as its control pin i_daisy/genblk4[0].txp_dat_reg[6]/G is not reached by a timing clock
Related violations: <none>

TIMING-20#14 Warning
Non-clocked latch  
The latch i_daisy/genblk4[0].txp_dat_reg[7] cannot be properly analyzed as its control pin i_daisy/genblk4[0].txp_dat_reg[7]/G is not reached by a timing clock
Related violations: <none>

TIMING-20#15 Warning
Non-clocked latch  
The latch i_daisy/genblk4[0].txp_dat_reg[8] cannot be properly analyzed as its control pin i_daisy/genblk4[0].txp_dat_reg[8]/G is not reached by a timing clock
Related violations: <none>

TIMING-20#16 Warning
Non-clocked latch  
The latch i_daisy/genblk4[0].txp_dat_reg[9] cannot be properly analyzed as its control pin i_daisy/genblk4[0].txp_dat_reg[9]/G is not reached by a timing clock
Related violations: <none>

TIMING-20#17 Warning
Non-clocked latch  
The latch i_daisy/genblk4[0].txp_dv_reg[0] cannot be properly analyzed as its control pin i_daisy/genblk4[0].txp_dv_reg[0]/G is not reached by a timing clock
Related violations: <none>

TIMING-24#1 Warning
Overridden Max delay datapath only  
An asynchronous set_clock_groups or a set_false path (see constraint position 13 in the Timing Constraints window in Vivado IDE) between clocks pll_adc_clk and pll_dac_clk_2x overrides a set_max_delay -datapath_only (position 56). It is not recommended to override a set_max_delay -datapath_only constraint. Replace the set_clock_groups or set_false_path between clocks with point-to-point set_false_path constraints
Related violations: <none>

TIMING-24#2 Warning
Overridden Max delay datapath only  
An asynchronous set_clock_groups or a set_false path (see constraint position 13 in the Timing Constraints window in Vivado IDE) between clocks pll_adc_clk and pll_dac_clk_2x overrides a set_max_delay -datapath_only (position 58). It is not recommended to override a set_max_delay -datapath_only constraint. Replace the set_clock_groups or set_false_path between clocks with point-to-point set_false_path constraints
Related violations: <none>

TIMING-24#3 Warning
Overridden Max delay datapath only  
An asynchronous set_clock_groups or a set_false path (see constraint position 13 in the Timing Constraints window in Vivado IDE) between clocks pll_adc_clk and pll_dac_clk_2x overrides a set_max_delay -datapath_only (position 68). It is not recommended to override a set_max_delay -datapath_only constraint. Replace the set_clock_groups or set_false_path between clocks with point-to-point set_false_path constraints
Related violations: <none>

TIMING-24#4 Warning
Overridden Max delay datapath only  
An asynchronous set_clock_groups or a set_false path (see constraint position 13 in the Timing Constraints window in Vivado IDE) between clocks pll_adc_clk and pll_dac_clk_2x overrides a set_max_delay -datapath_only (position 70). It is not recommended to override a set_max_delay -datapath_only constraint. Replace the set_clock_groups or set_false_path between clocks with point-to-point set_false_path constraints
Related violations: <none>

TIMING-28#1 Warning
Auto-derived clock referenced by a timing constraint  
The auto-derived clock par_clk is referenced by name inside timing constraint (see constraint position 14 in the Timing Constraint window in Vivado IDE). It is recommended to reference an auto-derived clock by the pin name attached to the clock: get_clocks -of_objects [get_pins i_daisy/i_rx/i_BUFR_clk/O]
Related violations: <none>

TIMING-28#2 Warning
Auto-derived clock referenced by a timing constraint  
The auto-derived clock par_clk is referenced by name inside timing constraint (see constraint position 15 in the Timing Constraint window in Vivado IDE). It is recommended to reference an auto-derived clock by the pin name attached to the clock: get_clocks -of_objects [get_pins i_daisy/i_rx/i_BUFR_clk/O]
Related violations: <none>

TIMING-28#3 Warning
Auto-derived clock referenced by a timing constraint  
The auto-derived clock pll_adc_clk is referenced by name inside timing constraint (see constraint position 13 in the Timing Constraint window in Vivado IDE). It is recommended to reference an auto-derived clock by the pin name attached to the clock: get_clocks -of_objects [get_pins pll/pll/CLKOUT0]
Related violations: <none>

TIMING-28#4 Warning
Auto-derived clock referenced by a timing constraint  
The auto-derived clock pll_adc_clk is referenced by name inside timing constraint (see constraint position 14 in the Timing Constraint window in Vivado IDE). It is recommended to reference an auto-derived clock by the pin name attached to the clock: get_clocks -of_objects [get_pins pll/pll/CLKOUT0]
Related violations: <none>

TIMING-28#5 Warning
Auto-derived clock referenced by a timing constraint  
The auto-derived clock pll_adc_clk is referenced by name inside timing constraint (see constraint position 15 in the Timing Constraint window in Vivado IDE). It is recommended to reference an auto-derived clock by the pin name attached to the clock: get_clocks -of_objects [get_pins pll/pll/CLKOUT0]
Related violations: <none>

TIMING-28#6 Warning
Auto-derived clock referenced by a timing constraint  
The auto-derived clock pll_adc_clk is referenced by name inside timing constraint (see constraint position 16 in the Timing Constraint window in Vivado IDE). It is recommended to reference an auto-derived clock by the pin name attached to the clock: get_clocks -of_objects [get_pins pll/pll/CLKOUT0]
Related violations: <none>

TIMING-28#7 Warning
Auto-derived clock referenced by a timing constraint  
The auto-derived clock pll_adc_clk is referenced by name inside timing constraint (see constraint position 49 in the Timing Constraint window in Vivado IDE). It is recommended to reference an auto-derived clock by the pin name attached to the clock: get_clocks -of_objects [get_pins pll/pll/CLKOUT0]
Related violations: <none>

TIMING-28#8 Warning
Auto-derived clock referenced by a timing constraint  
The auto-derived clock pll_dac_clk_2x is referenced by name inside timing constraint (see constraint position 13 in the Timing Constraint window in Vivado IDE). It is recommended to reference an auto-derived clock by the pin name attached to the clock: get_clocks -of_objects [get_pins pll/pll/CLKOUT2]
Related violations: <none>

TIMING-47#1 Warning
False path or asynchronous clock group between synchronous clocks  
A False Path timing constraint is set between synchronous clocks adc_clk and pll_adc_clk (see constraint position 16 in the Timing Constraint window in Vivado IDE). Masking entire synchronous clock domains via set_false_path or set_clock_groups may result in failure in hardware.
Related violations: <none>

TIMING-47#2 Warning
False path or asynchronous clock group between synchronous clocks  
A False Path timing constraint is set between synchronous clocks pll_adc_clk and pll_dac_clk_2x (see constraint position 13 in the Timing Constraint window in Vivado IDE). Masking entire synchronous clock domains via set_false_path or set_clock_groups may result in failure in hardware.
Related violations: <none>

ULMTCS-1#1 Warning
Control Sets use limits recommend reduction  
This design uses 402 control sets (vs. available limit of 4400, determined by 1 control set per CLB). This exceeds the control set use guideline of 7.5 percent. This is at a level where reduction is RECOMMENDED (see UG949). Use report_control_sets to get more details.
Related violations: <none>

XDCC-5#1 Warning
User Non-Timing constraint/property overwritten  
A new XDC property IOSTANDARD on dac_pwm_o[0] overrides a previous user property.
New Source: /home/lorenzo/PI/RedPitaya-FPGA/prj/v0.94/project/redpitaya.srcs/constrs_1/imports/RedPitaya-FPGA/sdc/red_pitaya_Z20.xdc (Line: 111)
Previous Source: /home/lorenzo/PI/RedPitaya-FPGA/prj/v0.94/project/redpitaya.srcs/constrs_1/imports/RedPitaya-FPGA/sdc/red_pitaya_Z20.xdc (Line: 100)
Related violations: <none>

XDCC-5#2 Warning
User Non-Timing constraint/property overwritten  
A new XDC property IOSTANDARD on dac_pwm_o[1] overrides a previous user property.
New Source: /home/lorenzo/PI/RedPitaya-FPGA/prj/v0.94/project/redpitaya.srcs/constrs_1/imports/RedPitaya-FPGA/sdc/red_pitaya_Z20.xdc (Line: 111)
Previous Source: /home/lorenzo/PI/RedPitaya-FPGA/prj/v0.94/project/redpitaya.srcs/constrs_1/imports/RedPitaya-FPGA/sdc/red_pitaya_Z20.xdc (Line: 100)
Related violations: <none>

XDCC-5#3 Warning
User Non-Timing constraint/property overwritten  
A new XDC property IOSTANDARD on dac_pwm_o[2] overrides a previous user property.
New Source: /home/lorenzo/PI/RedPitaya-FPGA/prj/v0.94/project/redpitaya.srcs/constrs_1/imports/RedPitaya-FPGA/sdc/red_pitaya_Z20.xdc (Line: 111)
Previous Source: /home/lorenzo/PI/RedPitaya-FPGA/prj/v0.94/project/redpitaya.srcs/constrs_1/imports/RedPitaya-FPGA/sdc/red_pitaya_Z20.xdc (Line: 100)
Related violations: <none>

XDCC-5#4 Warning
User Non-Timing constraint/property overwritten  
A new XDC property IOSTANDARD on dac_pwm_o[3] overrides a previous user property.
New Source: /home/lorenzo/PI/RedPitaya-FPGA/prj/v0.94/project/redpitaya.srcs/constrs_1/imports/RedPitaya-FPGA/sdc/red_pitaya_Z20.xdc (Line: 111)
Previous Source: /home/lorenzo/PI/RedPitaya-FPGA/prj/v0.94/project/redpitaya.srcs/constrs_1/imports/RedPitaya-FPGA/sdc/red_pitaya_Z20.xdc (Line: 100)
Related violations: <none>

XDCH-2#1 Warning
Same min and max delay values on IO port  
The same input delay of 6.000 ns has been defined on port 'adc_dat_i[0][0]' relative to clock adc_clk for both max and min. Make sure this reflects the design intent.
set_input_delay -clock adc_clk 6.000 [get_ports {adc_dat_i[*][*]}]
/home/lorenzo/PI/RedPitaya-FPGA/prj/v0.94/project/redpitaya.srcs/constrs_1/imports/RedPitaya-FPGA/sdc/red_pitaya_Z20.xdc (Line: 209)
Related violations: <none>

XDCH-2#2 Warning
Same min and max delay values on IO port  
The same input delay of 6.000 ns has been defined on port 'adc_dat_i[0][10]' relative to clock adc_clk for both max and min. Make sure this reflects the design intent.
set_input_delay -clock adc_clk 6.000 [get_ports {adc_dat_i[*][*]}]
/home/lorenzo/PI/RedPitaya-FPGA/prj/v0.94/project/redpitaya.srcs/constrs_1/imports/RedPitaya-FPGA/sdc/red_pitaya_Z20.xdc (Line: 209)
Related violations: <none>

XDCH-2#3 Warning
Same min and max delay values on IO port  
The same input delay of 6.000 ns has been defined on port 'adc_dat_i[0][11]' relative to clock adc_clk for both max and min. Make sure this reflects the design intent.
set_input_delay -clock adc_clk 6.000 [get_ports {adc_dat_i[*][*]}]
/home/lorenzo/PI/RedPitaya-FPGA/prj/v0.94/project/redpitaya.srcs/constrs_1/imports/RedPitaya-FPGA/sdc/red_pitaya_Z20.xdc (Line: 209)
Related violations: <none>

XDCH-2#4 Warning
Same min and max delay values on IO port  
The same input delay of 6.000 ns has been defined on port 'adc_dat_i[0][12]' relative to clock adc_clk for both max and min. Make sure this reflects the design intent.
set_input_delay -clock adc_clk 6.000 [get_ports {adc_dat_i[*][*]}]
/home/lorenzo/PI/RedPitaya-FPGA/prj/v0.94/project/redpitaya.srcs/constrs_1/imports/RedPitaya-FPGA/sdc/red_pitaya_Z20.xdc (Line: 209)
Related violations: <none>

XDCH-2#5 Warning
Same min and max delay values on IO port  
The same input delay of 6.000 ns has been defined on port 'adc_dat_i[0][13]' relative to clock adc_clk for both max and min. Make sure this reflects the design intent.
set_input_delay -clock adc_clk 6.000 [get_ports {adc_dat_i[*][*]}]
/home/lorenzo/PI/RedPitaya-FPGA/prj/v0.94/project/redpitaya.srcs/constrs_1/imports/RedPitaya-FPGA/sdc/red_pitaya_Z20.xdc (Line: 209)
Related violations: <none>

XDCH-2#6 Warning
Same min and max delay values on IO port  
The same input delay of 6.000 ns has been defined on port 'adc_dat_i[0][14]' relative to clock adc_clk for both max and min. Make sure this reflects the design intent.
set_input_delay -clock adc_clk 6.000 [get_ports {adc_dat_i[*][*]}]
/home/lorenzo/PI/RedPitaya-FPGA/prj/v0.94/project/redpitaya.srcs/constrs_1/imports/RedPitaya-FPGA/sdc/red_pitaya_Z20.xdc (Line: 209)
Related violations: <none>

XDCH-2#7 Warning
Same min and max delay values on IO port  
The same input delay of 6.000 ns has been defined on port 'adc_dat_i[0][15]' relative to clock adc_clk for both max and min. Make sure this reflects the design intent.
set_input_delay -clock adc_clk 6.000 [get_ports {adc_dat_i[*][*]}]
/home/lorenzo/PI/RedPitaya-FPGA/prj/v0.94/project/redpitaya.srcs/constrs_1/imports/RedPitaya-FPGA/sdc/red_pitaya_Z20.xdc (Line: 209)
Related violations: <none>

XDCH-2#8 Warning
Same min and max delay values on IO port  
The same input delay of 6.000 ns has been defined on port 'adc_dat_i[0][1]' relative to clock adc_clk for both max and min. Make sure this reflects the design intent.
set_input_delay -clock adc_clk 6.000 [get_ports {adc_dat_i[*][*]}]
/home/lorenzo/PI/RedPitaya-FPGA/prj/v0.94/project/redpitaya.srcs/constrs_1/imports/RedPitaya-FPGA/sdc/red_pitaya_Z20.xdc (Line: 209)
Related violations: <none>

XDCH-2#9 Warning
Same min and max delay values on IO port  
The same input delay of 6.000 ns has been defined on port 'adc_dat_i[0][2]' relative to clock adc_clk for both max and min. Make sure this reflects the design intent.
set_input_delay -clock adc_clk 6.000 [get_ports {adc_dat_i[*][*]}]
/home/lorenzo/PI/RedPitaya-FPGA/prj/v0.94/project/redpitaya.srcs/constrs_1/imports/RedPitaya-FPGA/sdc/red_pitaya_Z20.xdc (Line: 209)
Related violations: <none>

XDCH-2#10 Warning
Same min and max delay values on IO port  
The same input delay of 6.000 ns has been defined on port 'adc_dat_i[0][3]' relative to clock adc_clk for both max and min. Make sure this reflects the design intent.
set_input_delay -clock adc_clk 6.000 [get_ports {adc_dat_i[*][*]}]
/home/lorenzo/PI/RedPitaya-FPGA/prj/v0.94/project/redpitaya.srcs/constrs_1/imports/RedPitaya-FPGA/sdc/red_pitaya_Z20.xdc (Line: 209)
Related violations: <none>

XDCH-2#11 Warning
Same min and max delay values on IO port  
The same input delay of 6.000 ns has been defined on port 'adc_dat_i[0][4]' relative to clock adc_clk for both max and min. Make sure this reflects the design intent.
set_input_delay -clock adc_clk 6.000 [get_ports {adc_dat_i[*][*]}]
/home/lorenzo/PI/RedPitaya-FPGA/prj/v0.94/project/redpitaya.srcs/constrs_1/imports/RedPitaya-FPGA/sdc/red_pitaya_Z20.xdc (Line: 209)
Related violations: <none>

XDCH-2#12 Warning
Same min and max delay values on IO port  
The same input delay of 6.000 ns has been defined on port 'adc_dat_i[0][5]' relative to clock adc_clk for both max and min. Make sure this reflects the design intent.
set_input_delay -clock adc_clk 6.000 [get_ports {adc_dat_i[*][*]}]
/home/lorenzo/PI/RedPitaya-FPGA/prj/v0.94/project/redpitaya.srcs/constrs_1/imports/RedPitaya-FPGA/sdc/red_pitaya_Z20.xdc (Line: 209)
Related violations: <none>

XDCH-2#13 Warning
Same min and max delay values on IO port  
The same input delay of 6.000 ns has been defined on port 'adc_dat_i[0][6]' relative to clock adc_clk for both max and min. Make sure this reflects the design intent.
set_input_delay -clock adc_clk 6.000 [get_ports {adc_dat_i[*][*]}]
/home/lorenzo/PI/RedPitaya-FPGA/prj/v0.94/project/redpitaya.srcs/constrs_1/imports/RedPitaya-FPGA/sdc/red_pitaya_Z20.xdc (Line: 209)
Related violations: <none>

XDCH-2#14 Warning
Same min and max delay values on IO port  
The same input delay of 6.000 ns has been defined on port 'adc_dat_i[0][7]' relative to clock adc_clk for both max and min. Make sure this reflects the design intent.
set_input_delay -clock adc_clk 6.000 [get_ports {adc_dat_i[*][*]}]
/home/lorenzo/PI/RedPitaya-FPGA/prj/v0.94/project/redpitaya.srcs/constrs_1/imports/RedPitaya-FPGA/sdc/red_pitaya_Z20.xdc (Line: 209)
Related violations: <none>

XDCH-2#15 Warning
Same min and max delay values on IO port  
The same input delay of 6.000 ns has been defined on port 'adc_dat_i[0][8]' relative to clock adc_clk for both max and min. Make sure this reflects the design intent.
set_input_delay -clock adc_clk 6.000 [get_ports {adc_dat_i[*][*]}]
/home/lorenzo/PI/RedPitaya-FPGA/prj/v0.94/project/redpitaya.srcs/constrs_1/imports/RedPitaya-FPGA/sdc/red_pitaya_Z20.xdc (Line: 209)
Related violations: <none>

XDCH-2#16 Warning
Same min and max delay values on IO port  
The same input delay of 6.000 ns has been defined on port 'adc_dat_i[0][9]' relative to clock adc_clk for both max and min. Make sure this reflects the design intent.
set_input_delay -clock adc_clk 6.000 [get_ports {adc_dat_i[*][*]}]
/home/lorenzo/PI/RedPitaya-FPGA/prj/v0.94/project/redpitaya.srcs/constrs_1/imports/RedPitaya-FPGA/sdc/red_pitaya_Z20.xdc (Line: 209)
Related violations: <none>

XDCH-2#17 Warning
Same min and max delay values on IO port  
The same input delay of 6.000 ns has been defined on port 'adc_dat_i[1][0]' relative to clock adc_clk for both max and min. Make sure this reflects the design intent.
set_input_delay -clock adc_clk 6.000 [get_ports {adc_dat_i[*][*]}]
/home/lorenzo/PI/RedPitaya-FPGA/prj/v0.94/project/redpitaya.srcs/constrs_1/imports/RedPitaya-FPGA/sdc/red_pitaya_Z20.xdc (Line: 209)
Related violations: <none>

XDCH-2#18 Warning
Same min and max delay values on IO port  
The same input delay of 6.000 ns has been defined on port 'adc_dat_i[1][10]' relative to clock adc_clk for both max and min. Make sure this reflects the design intent.
set_input_delay -clock adc_clk 6.000 [get_ports {adc_dat_i[*][*]}]
/home/lorenzo/PI/RedPitaya-FPGA/prj/v0.94/project/redpitaya.srcs/constrs_1/imports/RedPitaya-FPGA/sdc/red_pitaya_Z20.xdc (Line: 209)
Related violations: <none>

XDCH-2#19 Warning
Same min and max delay values on IO port  
The same input delay of 6.000 ns has been defined on port 'adc_dat_i[1][11]' relative to clock adc_clk for both max and min. Make sure this reflects the design intent.
set_input_delay -clock adc_clk 6.000 [get_ports {adc_dat_i[*][*]}]
/home/lorenzo/PI/RedPitaya-FPGA/prj/v0.94/project/redpitaya.srcs/constrs_1/imports/RedPitaya-FPGA/sdc/red_pitaya_Z20.xdc (Line: 209)
Related violations: <none>

XDCH-2#20 Warning
Same min and max delay values on IO port  
The same input delay of 6.000 ns has been defined on port 'adc_dat_i[1][12]' relative to clock adc_clk for both max and min. Make sure this reflects the design intent.
set_input_delay -clock adc_clk 6.000 [get_ports {adc_dat_i[*][*]}]
/home/lorenzo/PI/RedPitaya-FPGA/prj/v0.94/project/redpitaya.srcs/constrs_1/imports/RedPitaya-FPGA/sdc/red_pitaya_Z20.xdc (Line: 209)
Related violations: <none>

XDCH-2#21 Warning
Same min and max delay values on IO port  
The same input delay of 6.000 ns has been defined on port 'adc_dat_i[1][13]' relative to clock adc_clk for both max and min. Make sure this reflects the design intent.
set_input_delay -clock adc_clk 6.000 [get_ports {adc_dat_i[*][*]}]
/home/lorenzo/PI/RedPitaya-FPGA/prj/v0.94/project/redpitaya.srcs/constrs_1/imports/RedPitaya-FPGA/sdc/red_pitaya_Z20.xdc (Line: 209)
Related violations: <none>

XDCH-2#22 Warning
Same min and max delay values on IO port  
The same input delay of 6.000 ns has been defined on port 'adc_dat_i[1][14]' relative to clock adc_clk for both max and min. Make sure this reflects the design intent.
set_input_delay -clock adc_clk 6.000 [get_ports {adc_dat_i[*][*]}]
/home/lorenzo/PI/RedPitaya-FPGA/prj/v0.94/project/redpitaya.srcs/constrs_1/imports/RedPitaya-FPGA/sdc/red_pitaya_Z20.xdc (Line: 209)
Related violations: <none>

XDCH-2#23 Warning
Same min and max delay values on IO port  
The same input delay of 6.000 ns has been defined on port 'adc_dat_i[1][15]' relative to clock adc_clk for both max and min. Make sure this reflects the design intent.
set_input_delay -clock adc_clk 6.000 [get_ports {adc_dat_i[*][*]}]
/home/lorenzo/PI/RedPitaya-FPGA/prj/v0.94/project/redpitaya.srcs/constrs_1/imports/RedPitaya-FPGA/sdc/red_pitaya_Z20.xdc (Line: 209)
Related violations: <none>

XDCH-2#24 Warning
Same min and max delay values on IO port  
The same input delay of 6.000 ns has been defined on port 'adc_dat_i[1][1]' relative to clock adc_clk for both max and min. Make sure this reflects the design intent.
set_input_delay -clock adc_clk 6.000 [get_ports {adc_dat_i[*][*]}]
/home/lorenzo/PI/RedPitaya-FPGA/prj/v0.94/project/redpitaya.srcs/constrs_1/imports/RedPitaya-FPGA/sdc/red_pitaya_Z20.xdc (Line: 209)
Related violations: <none>

XDCH-2#25 Warning
Same min and max delay values on IO port  
The same input delay of 6.000 ns has been defined on port 'adc_dat_i[1][2]' relative to clock adc_clk for both max and min. Make sure this reflects the design intent.
set_input_delay -clock adc_clk 6.000 [get_ports {adc_dat_i[*][*]}]
/home/lorenzo/PI/RedPitaya-FPGA/prj/v0.94/project/redpitaya.srcs/constrs_1/imports/RedPitaya-FPGA/sdc/red_pitaya_Z20.xdc (Line: 209)
Related violations: <none>

XDCH-2#26 Warning
Same min and max delay values on IO port  
The same input delay of 6.000 ns has been defined on port 'adc_dat_i[1][3]' relative to clock adc_clk for both max and min. Make sure this reflects the design intent.
set_input_delay -clock adc_clk 6.000 [get_ports {adc_dat_i[*][*]}]
/home/lorenzo/PI/RedPitaya-FPGA/prj/v0.94/project/redpitaya.srcs/constrs_1/imports/RedPitaya-FPGA/sdc/red_pitaya_Z20.xdc (Line: 209)
Related violations: <none>

XDCH-2#27 Warning
Same min and max delay values on IO port  
The same input delay of 6.000 ns has been defined on port 'adc_dat_i[1][4]' relative to clock adc_clk for both max and min. Make sure this reflects the design intent.
set_input_delay -clock adc_clk 6.000 [get_ports {adc_dat_i[*][*]}]
/home/lorenzo/PI/RedPitaya-FPGA/prj/v0.94/project/redpitaya.srcs/constrs_1/imports/RedPitaya-FPGA/sdc/red_pitaya_Z20.xdc (Line: 209)
Related violations: <none>

XDCH-2#28 Warning
Same min and max delay values on IO port  
The same input delay of 6.000 ns has been defined on port 'adc_dat_i[1][5]' relative to clock adc_clk for both max and min. Make sure this reflects the design intent.
set_input_delay -clock adc_clk 6.000 [get_ports {adc_dat_i[*][*]}]
/home/lorenzo/PI/RedPitaya-FPGA/prj/v0.94/project/redpitaya.srcs/constrs_1/imports/RedPitaya-FPGA/sdc/red_pitaya_Z20.xdc (Line: 209)
Related violations: <none>

XDCH-2#29 Warning
Same min and max delay values on IO port  
The same input delay of 6.000 ns has been defined on port 'adc_dat_i[1][6]' relative to clock adc_clk for both max and min. Make sure this reflects the design intent.
set_input_delay -clock adc_clk 6.000 [get_ports {adc_dat_i[*][*]}]
/home/lorenzo/PI/RedPitaya-FPGA/prj/v0.94/project/redpitaya.srcs/constrs_1/imports/RedPitaya-FPGA/sdc/red_pitaya_Z20.xdc (Line: 209)
Related violations: <none>

XDCH-2#30 Warning
Same min and max delay values on IO port  
The same input delay of 6.000 ns has been defined on port 'adc_dat_i[1][7]' relative to clock adc_clk for both max and min. Make sure this reflects the design intent.
set_input_delay -clock adc_clk 6.000 [get_ports {adc_dat_i[*][*]}]
/home/lorenzo/PI/RedPitaya-FPGA/prj/v0.94/project/redpitaya.srcs/constrs_1/imports/RedPitaya-FPGA/sdc/red_pitaya_Z20.xdc (Line: 209)
Related violations: <none>

XDCH-2#31 Warning
Same min and max delay values on IO port  
The same input delay of 6.000 ns has been defined on port 'adc_dat_i[1][8]' relative to clock adc_clk for both max and min. Make sure this reflects the design intent.
set_input_delay -clock adc_clk 6.000 [get_ports {adc_dat_i[*][*]}]
/home/lorenzo/PI/RedPitaya-FPGA/prj/v0.94/project/redpitaya.srcs/constrs_1/imports/RedPitaya-FPGA/sdc/red_pitaya_Z20.xdc (Line: 209)
Related violations: <none>

XDCH-2#32 Warning
Same min and max delay values on IO port  
The same input delay of 6.000 ns has been defined on port 'adc_dat_i[1][9]' relative to clock adc_clk for both max and min. Make sure this reflects the design intent.
set_input_delay -clock adc_clk 6.000 [get_ports {adc_dat_i[*][*]}]
/home/lorenzo/PI/RedPitaya-FPGA/prj/v0.94/project/redpitaya.srcs/constrs_1/imports/RedPitaya-FPGA/sdc/red_pitaya_Z20.xdc (Line: 209)
Related violations: <none>

REQP-1959#1 Advisory
connects_SERDES_RST_driver_not_FF  
i_daisy/i_rx/genblk1[0].i_iserdese: The RST pin should only be driven by a Flip-flop.
Related violations: <none>


