Copyright 1986-2020 Xilinx, Inc. All Rights Reserved.
------------------------------------------------------------------------------------
| Tool Version : Vivado v.2020.1 (lin64) Build 2902540 Wed May 27 19:54:35 MDT 2020
| Date         : Fri Aug 14 18:29:14 2026
| Host         : LoloVictus running 64-bit Ubuntu 20.04.3 LTS
| Command      : report_drc -file out/v3_event_ring/post_imp_drc.rpt
| Design       : event_ring_red_pitaya_top
| Device       : xc7z010clg400-1
| Speed File   : -1
| Design State : Fully Routed
------------------------------------------------------------------------------------

Report DRC

Table of Contents
-----------------
1. REPORT SUMMARY
2. REPORT DETAILS

1. REPORT SUMMARY
-----------------
            Netlist: event_ring_red_pitaya_top
          Floorplan: design_1
      Design limits: <entire design considered>
           Ruledeck: default
             Max violations: <unlimited>
             Violations found: 7
+----------+----------+------------------------+------------+
| Rule     | Severity | Description            | Violations |
+----------+----------+------------------------+------------+
| DPIP-1   | Warning  | Input pipelining       | 4          |
| DPOP-2   | Warning  | MREG Output pipelining | 2          |
| PDRC-153 | Warning  | Gated clock check      | 1          |
+----------+----------+------------------------+------------+

2. REPORT DETAILS
-----------------
DPIP-1#1 Warning
Input pipelining  
DSP i_scope/genblk2[0].i_calib_ch/gain_calc_r1 input i_scope/genblk2[0].i_calib_ch/gain_calc_r1/A[29:0] is not pipelined. Pipelining DSP48 input will improve performance.
Related violations: <none>

DPIP-1#2 Warning
Input pipelining  
DSP i_scope/genblk2[0].i_calib_ch/gain_calc_r1__0 input i_scope/genblk2[0].i_calib_ch/gain_calc_r1__0/B[17:0] is not pipelined. Pipelining DSP48 input will improve performance.
Related violations: <none>

DPIP-1#3 Warning
Input pipelining  
DSP i_scope/genblk2[1].i_calib_ch/gain_calc_r1 input i_scope/genblk2[1].i_calib_ch/gain_calc_r1/A[29:0] is not pipelined. Pipelining DSP48 input will improve performance.
Related violations: <none>

DPIP-1#4 Warning
Input pipelining  
DSP i_scope/genblk2[1].i_calib_ch/gain_calc_r1__0 input i_scope/genblk2[1].i_calib_ch/gain_calc_r1__0/B[17:0] is not pipelined. Pipelining DSP48 input will improve performance.
Related violations: <none>

DPOP-2#1 Warning
MREG Output pipelining  
DSP i_scope/genblk2[0].i_calib_ch/gain_calc_r1__0 multiplier stage i_scope/genblk2[0].i_calib_ch/gain_calc_r1__0/P[47:0] is not pipelined (MREG=0). Pipelining the multiplier function will improve performance and will save significant power so it is suggested whenever possible to fully pipeline this function.  If this multiplier was inferred, it is suggested to describe an additional register stage after this function.  If there is no registered adder/accumulator following the multiply function, two pipeline stages are suggested to allow both the MREG and PREG registers to be used.  If the DSP48 was instantiated in the design, it is suggested to set both the MREG and PREG attributes to 1 when performing multiply functions.
Related violations: <none>

DPOP-2#2 Warning
MREG Output pipelining  
DSP i_scope/genblk2[1].i_calib_ch/gain_calc_r1__0 multiplier stage i_scope/genblk2[1].i_calib_ch/gain_calc_r1__0/P[47:0] is not pipelined (MREG=0). Pipelining the multiplier function will improve performance and will save significant power so it is suggested whenever possible to fully pipeline this function.  If this multiplier was inferred, it is suggested to describe an additional register stage after this function.  If there is no registered adder/accumulator following the multiply function, two pipeline stages are suggested to allow both the MREG and PREG registers to be used.  If the DSP48 was instantiated in the design, it is suggested to set both the MREG and PREG attributes to 1 when performing multiply functions.
Related violations: <none>

PDRC-153#1 Warning
Gated clock check  
Net i_daisy/genblk4[0].txp_dv_reg[0]_i_2_n_0 is a gated clock net sourced by a combinational pin i_daisy/genblk4[0].txp_dv_reg[0]_i_2/O, cell i_daisy/genblk4[0].txp_dv_reg[0]_i_2. This is not good design practice and will likely impact performance. For SLICE registers, for example, use the CE pin to control the loading of data.
Related violations: <none>


