Copyright 1986-2020 Xilinx, Inc. All Rights Reserved.
----------------------------------------------------------------------------------------
| Tool Version     : Vivado v.2020.1 (lin64) Build 2902540 Wed May 27 19:54:35 MDT 2020
| Date             : Fri Sep  4 18:30:52 2026
| Host             : LoloVictus running 64-bit Ubuntu 20.04.3 LTS
| Command          : report_power -file out/post_synth_power.rpt
| Design           : mca_red_pitaya_top
| Device           : xc7z010clg400-1
| Design State     : synthesized
| Grade            : commercial
| Process          : typical
| Characterization : Production
----------------------------------------------------------------------------------------

Power Report

Table of Contents
-----------------
1. Summary
1.1 On-Chip Components
1.2 Power Supply Summary
1.3 Confidence Level
2. Settings
2.1 Environment
2.2 Clock Constraints
3. Detailed Reports
3.1 By Hierarchy

1. Summary
----------

+--------------------------+--------------+
| Total On-Chip Power (W)  | 1.841        |
| Design Power Budget (W)  | Unspecified* |
| Power Budget Margin (W)  | NA           |
| Dynamic (W)              | 1.708        |
| Device Static (W)        | 0.132        |
| Effective TJA (C/W)      | 11.5         |
| Max Ambient (C)          | 63.8         |
| Junction Temperature (C) | 46.2         |
| Confidence Level         | Low          |
| Setting File             | ---          |
| Simulation Activity File | ---          |
| Design Nets Matched      | NA           |
+--------------------------+--------------+
* Specify Design Power Budget using, set_operating_conditions -design_power_budget <value in Watts>


1.1 On-Chip Components
----------------------

+--------------------------+-----------+----------+-----------+-----------------+
| On-Chip                  | Power (W) | Used     | Available | Utilization (%) |
+--------------------------+-----------+----------+-----------+-----------------+
| Clocks                   |     0.073 |       17 |       --- |             --- |
| Slice Logic              |     0.014 |    20299 |       --- |             --- |
|   LUT as Logic           |     0.010 |     7464 |     17600 |           42.41 |
|   CARRY4                 |     0.002 |      680 |      4400 |           15.45 |
|   Register               |    <0.001 |     9285 |     35200 |           26.38 |
|   LUT as Distributed RAM |    <0.001 |      160 |      6000 |            2.67 |
|   LUT as Shift Register  |    <0.001 |      275 |      6000 |            4.58 |
|   F7/F8 Muxes            |    <0.001 |      235 |     17600 |            1.34 |
|   Others                 |     0.000 |      353 |       --- |             --- |
|   BUFG                   |     0.000 |        1 |        32 |            3.13 |
| Signals                  |     0.015 |    16835 |       --- |             --- |
| Block RAM                |     0.068 |       32 |        60 |           53.33 |
| PLL                      |     0.097 |        1 |         2 |           50.00 |
| DSPs                     |    <0.001 |        4 |        80 |            5.00 |
| I/O                      |     0.121 |       95 |       100 |           95.00 |
| XADC                     |     0.004 |        1 |       --- |             --- |
| PS7                      |     1.315 |        1 |       --- |             --- |
| Static Power             |     0.132 |          |           |                 |
| Total                    |     1.840 |          |           |                 |
+--------------------------+-----------+----------+-----------+-----------------+


1.2 Power Supply Summary
------------------------

+-----------+-------------+-----------+-------------+------------+-------------+-------------+------------+
| Source    | Voltage (V) | Total (A) | Dynamic (A) | Static (A) | Powerup (A) | Budget (A)  | Margin (A) |
+-----------+-------------+-----------+-------------+------------+-------------+-------------+------------+
| Vccint    |       1.000 |     0.181 |       0.173 |      0.009 |       NA    | Unspecified | NA         |
| Vccaux    |       1.800 |     0.067 |       0.059 |      0.008 |       NA    | Unspecified | NA         |
| Vcco33    |       3.300 |     0.024 |       0.023 |      0.001 |       NA    | Unspecified | NA         |
| Vcco25    |       2.500 |     0.000 |       0.000 |      0.000 |       NA    | Unspecified | NA         |
| Vcco18    |       1.800 |     0.017 |       0.016 |      0.001 |       NA    | Unspecified | NA         |
| Vcco15    |       1.500 |     0.000 |       0.000 |      0.000 |       NA    | Unspecified | NA         |
| Vcco135   |       1.350 |     0.000 |       0.000 |      0.000 |       NA    | Unspecified | NA         |
| Vcco12    |       1.200 |     0.000 |       0.000 |      0.000 |       NA    | Unspecified | NA         |
| Vccaux_io |       1.800 |     0.000 |       0.000 |      0.000 |       NA    | Unspecified | NA         |
| Vccbram   |       1.000 |     0.009 |       0.006 |      0.003 |       NA    | Unspecified | NA         |
| MGTAVcc   |       1.000 |     0.000 |       0.000 |      0.000 |       NA    | Unspecified | NA         |
| MGTAVtt   |       1.200 |     0.000 |       0.000 |      0.000 |       NA    | Unspecified | NA         |
| MGTVccaux |       1.800 |     0.000 |       0.000 |      0.000 |       NA    | Unspecified | NA         |
| Vccpint   |       1.000 |     0.733 |       0.701 |      0.032 |       NA    | Unspecified | NA         |
| Vccpaux   |       1.800 |     0.038 |       0.027 |      0.010 |       NA    | Unspecified | NA         |
| Vccpll    |       1.800 |     0.017 |       0.014 |      0.003 |       NA    | Unspecified | NA         |
| Vcco_ddr  |       1.500 |     0.356 |       0.354 |      0.002 |       NA    | Unspecified | NA         |
| Vcco_mio0 |       3.300 |     0.002 |       0.001 |      0.001 |       NA    | Unspecified | NA         |
| Vcco_mio1 |       2.500 |     0.003 |       0.002 |      0.001 |       NA    | Unspecified | NA         |
| Vccadc    |       1.800 |     0.022 |       0.002 |      0.020 |       NA    | Unspecified | NA         |
+-----------+-------------+-----------+-------------+------------+-------------+-------------+------------+


1.3 Confidence Level
--------------------

+-----------------------------+------------+--------------------------------------------------------+------------------------------------------------------------------------------------------------------------+
| User Input Data             | Confidence | Details                                                | Action                                                                                                     |
+-----------------------------+------------+--------------------------------------------------------+------------------------------------------------------------------------------------------------------------+
| Design implementation state | Low        | Design is synthesized                                  | Accuracy of the tool is not optimal until design is fully placed and routed                                |
| Clock nodes activity        | High       | User specified more than 95% of clocks                 |                                                                                                            |
| I/O nodes activity          | Low        | More than 75% of inputs are missing user specification | Provide missing input activity with simulation results or by editing the "By Resource Type -> I/Os" view   |
| Internal nodes activity     | Medium     | User specified less than 25% of internal nodes         | Provide missing internal nodes activity with simulation results or by editing the "By Resource Type" views |
| Device models               | High       | Device models are Production                           |                                                                                                            |
|                             |            |                                                        |                                                                                                            |
| Overall confidence level    | Low        |                                                        |                                                                                                            |
+-----------------------------+------------+--------------------------------------------------------+------------------------------------------------------------------------------------------------------------+


2. Settings
-----------

2.1 Environment
---------------

+-----------------------+------------------------+
| Ambient Temp (C)      | 25.0                   |
| ThetaJA (C/W)         | 11.5                   |
| Airflow (LFM)         | 250                    |
| Heat Sink             | none                   |
| ThetaSA (C/W)         | 0.0                    |
| Board Selection       | medium (10"x10")       |
| # of Board Layers     | 8to11 (8 to 11 Layers) |
| Board Temperature (C) | 25.0                   |
+-----------------------+------------------------+


2.2 Clock Constraints
---------------------

+----------------+------------------------------------------------------------+-----------------+
| Clock          | Domain                                                     | Constraint (ns) |
+----------------+------------------------------------------------------------+-----------------+
| adc_clk        | adc_clk_i[1]                                               |             8.0 |
| clk_fb         | pll/clk_fb                                                 |             8.0 |
| clk_fpga_0     | ps/system_i/processing_system7/inst/FCLK_CLK_unbuffered[0] |             8.0 |
| clk_fpga_1     | ps/system_i/processing_system7/inst/FCLK_CLK_unbuffered[1] |             4.0 |
| clk_fpga_2     | ps/system_i/processing_system7/inst/FCLK_CLK_unbuffered[2] |            20.0 |
| clk_fpga_3     | ps/system_i/processing_system7/inst/FCLK_CLK_unbuffered[3] |             5.0 |
| par_clk        | i_daisy/i_rx/par_clk                                       |             8.0 |
| pll_adc_clk    | pll/clk_adc                                                |             8.0 |
| pll_dac_clk_1x | pll/clk_dac_1x                                             |             8.0 |
| pll_dac_clk_2p | pll/clk_dac_2p                                             |             4.0 |
| pll_dac_clk_2x | pll/clk_dac_2x                                             |             4.0 |
| pll_pwm_clk    | pll/clk_pdm                                                |             4.0 |
| pll_ser_clk    | pll/clk_ser                                                |             4.0 |
| rx_clk         | daisy_p_i[1]                                               |             4.0 |
+----------------+------------------------------------------------------------+-----------------+


3. Detailed Reports
-------------------

3.1 By Hierarchy
----------------

+--------------------------------+-----------+
| Name                           | Power (W) |
+--------------------------------+-----------+
| mca_red_pitaya_top             |     1.708 |
|   i_daisy                      |     0.039 |
|     genblk1[0].i_OBUF_dat      |     0.004 |
|     genblk3[0].i_test          |     0.002 |
|     i_OBUF_clk                 |     0.025 |
|     i_rx                       |     0.004 |
|     i_tx                       |     0.001 |
|   i_hk                         |     0.002 |
|   i_mca                        |     0.049 |
|     g_hist_2d.i_hist_2d        |     0.019 |
|     g_hist_h.i_hist_h          |     0.019 |
|     i_feat                     |     0.007 |
|   i_scope                      |     0.056 |
|     genblk2[0].i_acq_bram      |     0.016 |
|     genblk2[0].i_axi_sm        |     0.005 |
|       i_wr0                    |     0.003 |
|     genblk2[0].i_dec           |     0.002 |
|       dec_avg_div              |     0.001 |
|     genblk2[1].i_acq_bram      |     0.016 |
|     genblk2[1].i_axi_sm        |     0.005 |
|       i_wr0                    |     0.003 |
|     genblk2[1].i_dec           |     0.002 |
|       dec_avg_div              |     0.001 |
|     i_osc_cfg                  |     0.005 |
|   pdm                          |     0.002 |
|   pll                          |     0.097 |
|   ps                           |     1.362 |
|     axi_master_0               |     0.001 |
|     axi_master_1               |     0.001 |
|     axi_master_2               |     0.001 |
|     axi_master_3               |     0.001 |
|     axi_slave_gp0              |     0.002 |
|     system_i                   |     1.353 |
|       axi_protocol_converter_0 |     0.018 |
|       axi_register_slice_0     |     0.008 |
|       processing_system7       |     1.316 |
|       xadc                     |     0.010 |
|   sys_bus_interconnect         |     0.002 |
+--------------------------------+-----------+


